Component: Arm Compiler for Embedded 6.18 Tool: armlink [5e4cc100]

==============================================================================

Section Cross References

    startup_stm32l432xx.o(RESET) refers to startup_stm32l432xx.o(STACK) for __initial_sp
    startup_stm32l432xx.o(RESET) refers to startup_stm32l432xx.o(.text) for Reset_Handler
    startup_stm32l432xx.o(RESET) refers to stm32l4xx_it.o(.text.NMI_Handler) for NMI_Handler
    startup_stm32l432xx.o(RESET) refers to stm32l4xx_it.o(.text.HardFault_Handler) for HardFault_Handler
    startup_stm32l432xx.o(RESET) refers to stm32l4xx_it.o(.text.MemManage_Handler) for MemManage_Handler
    startup_stm32l432xx.o(RESET) refers to stm32l4xx_it.o(.text.BusFault_Handler) for BusFault_Handler
    startup_stm32l432xx.o(RESET) refers to stm32l4xx_it.o(.text.UsageFault_Handler) for UsageFault_Handler
    startup_stm32l432xx.o(RESET) refers to stm32l4xx_it.o(.text.SVC_Handler) for SVC_Handler
    startup_stm32l432xx.o(RESET) refers to stm32l4xx_it.o(.text.DebugMon_Handler) for DebugMon_Handler
    startup_stm32l432xx.o(RESET) refers to stm32l4xx_it.o(.text.PendSV_Handler) for PendSV_Handler
    startup_stm32l432xx.o(RESET) refers to stm32l4xx_it.o(.text.SysTick_Handler) for SysTick_Handler
    startup_stm32l432xx.o(RESET) refers to stm32l4xx_it.o(.text.TIM2_IRQHandler) for TIM2_IRQHandler
    startup_stm32l432xx.o(.text) refers to system_stm32l4xx.o(.text.SystemInit) for SystemInit
    startup_stm32l432xx.o(.text) refers to entry.o(.ARM.Collect$$$$00000000) for __main
    network.o(.text.ai_network_get_info) refers to ai_platform_interface.o(i.ai_platform_context_acquire) for ai_platform_context_acquire
    network.o(.text.ai_network_get_info) refers to ai_platform_interface.o(i.ai_platform_runtime_get_revision) for ai_platform_runtime_get_revision
    network.o(.text.ai_network_get_info) refers to ai_platform_interface.o(i.ai_platform_runtime_get_version) for ai_platform_runtime_get_version
    network.o(.text.ai_network_get_info) refers to ai_platform_interface.o(i.ai_platform_api_get_version) for ai_platform_api_get_version
    network.o(.text.ai_network_get_info) refers to ai_platform_interface.o(i.ai_platform_interface_api_get_version) for ai_platform_interface_api_get_version
    network.o(.text.ai_network_get_info) refers to memseta.o(.text) for __aeabi_memclr4
    network.o(.text.ai_network_get_info) refers to ai_platform_interface.o(i.ai_platform_api_get_network_report) for ai_platform_api_get_network_report
    network.o(.text.ai_network_get_info) refers to memcpya.o(.text) for __aeabi_memcpy4
    network.o(.text.ai_network_get_info) refers to network.o(.rodata.str1.1) for [Anonymous Symbol]
    network.o(.ARM.exidx.text.ai_network_get_info) refers to network.o(.text.ai_network_get_info) for [Anonymous Symbol]
    network.o(.text.ai_network_get_report) refers to ai_platform_interface.o(i.ai_platform_context_acquire) for ai_platform_context_acquire
    network.o(.text.ai_network_get_report) refers to ai_platform_interface.o(i.ai_platform_runtime_get_revision) for ai_platform_runtime_get_revision
    network.o(.text.ai_network_get_report) refers to ai_platform_interface.o(i.ai_platform_runtime_get_version) for ai_platform_runtime_get_version
    network.o(.text.ai_network_get_report) refers to ai_platform_interface.o(i.ai_platform_api_get_version) for ai_platform_api_get_version
    network.o(.text.ai_network_get_report) refers to ai_platform_interface.o(i.ai_platform_interface_api_get_version) for ai_platform_interface_api_get_version
    network.o(.text.ai_network_get_report) refers to memseta.o(.text) for __aeabi_memclr4
    network.o(.text.ai_network_get_report) refers to ai_platform_interface.o(i.ai_platform_api_get_network_report) for ai_platform_api_get_network_report
    network.o(.text.ai_network_get_report) refers to memcpya.o(.text) for __aeabi_memcpy4
    network.o(.text.ai_network_get_report) refers to network.o(.rodata.str1.1) for [Anonymous Symbol]
    network.o(.ARM.exidx.text.ai_network_get_report) refers to network.o(.text.ai_network_get_report) for [Anonymous Symbol]
    network.o(.text.ai_network_get_error) refers to ai_platform_interface.o(i.ai_platform_network_get_error) for ai_platform_network_get_error
    network.o(.ARM.exidx.text.ai_network_get_error) refers to network.o(.text.ai_network_get_error) for [Anonymous Symbol]
    network.o(.text.ai_network_create) refers to ai_platform_interface.o(i.ai_platform_network_create) for ai_platform_network_create
    network.o(.text.ai_network_create) refers to network.o(.data.g_network) for [Anonymous Symbol]
    network.o(.ARM.exidx.text.ai_network_create) refers to network.o(.text.ai_network_create) for [Anonymous Symbol]
    network.o(.text.ai_network_create_and_init) refers to network.o(.text.ai_network_create) for ai_network_create
    network.o(.text.ai_network_create_and_init) refers to network_data.o(.text.ai_network_data_params_get) for ai_network_data_params_get
[...]
    [Anonymous Symbol]                       0x20000840   Section        0  network.o(.data.node_22_output)
    node_22_scale                            0x2000085c   Data          28  network.o(.data.node_22_scale)
    [Anonymous Symbol]                       0x2000085c   Section        0  network.o(.data.node_22_scale)
    node_23_to_chlast_layer                  0x20000878   Data          36  network.o(.data.node_23_to_chlast_layer)
    [Anonymous Symbol]                       0x20000878   Section        0  network.o(.data.node_23_to_chlast_layer)
    node_23_to_chlast_output                 0x2000089c   Data          28  network.o(.data.node_23_to_chlast_output)
    [Anonymous Symbol]                       0x2000089c   Section        0  network.o(.data.node_23_to_chlast_output)
    node_23_to_chlast_output0                0x200008b8   Data          28  network.o(.data.node_23_to_chlast_output0)
    [Anonymous Symbol]                       0x200008b8   Section        0  network.o(.data.node_23_to_chlast_output0)
    node_24_bias                             0x200008d4   Data          28  network.o(.data.node_24_bias)
    [Anonymous Symbol]                       0x200008d4   Section        0  network.o(.data.node_24_bias)
    node_24_layer                            0x200008f0   Data          28  network.o(.data.node_24_layer)
    [Anonymous Symbol]                       0x200008f0   Section        0  network.o(.data.node_24_layer)
    node_24_output                           0x2000090c   Data          28  network.o(.data.node_24_output)
    [Anonymous Symbol]                       0x2000090c   Section        0  network.o(.data.node_24_output)
    node_24_weights                          0x20000928   Data          28  network.o(.data.node_24_weights)
    [Anonymous Symbol]                       0x20000928   Section        0  network.o(.data.node_24_weights)
    network                                  0x20000960   Data           4  app_x-cube-ai.o(.bss..L_MergedGlobals)
    [Anonymous Symbol]                       0x20000960   Section        0  app_x-cube-ai.o(.bss..L_MergedGlobals)
    ai_input                                 0x20000964   Data           4  app_x-cube-ai.o(.bss..L_MergedGlobals)
    ai_output                                0x20000968   Data           4  app_x-cube-ai.o(.bss..L_MergedGlobals)
    MX_X_CUBE_AI_Process.out_data            0x2000096c   Data           8  app_x-cube-ai.o(.bss..L_MergedGlobals)
    [Anonymous Symbol]                       0x20000974   Section        0  rrvt.o(.bss..L_MergedGlobals.1)
    g_network_weights_map                    0x2000097c   Data           4  network.o(.bss..L_MergedGlobals.112)
    [Anonymous Symbol]                       0x2000097c   Section        0  network.o(.bss..L_MergedGlobals.112)
    g_network_activations_map                0x20000980   Data           4  network.o(.bss..L_MergedGlobals.112)
    .compoundliteral.10                      0x20000984   Data          28  network.o(.bss..compoundliteral.10)
    [Anonymous Symbol]                       0x20000984   Section        0  network.o(.bss..compoundliteral.10)
    .compoundliteral.102                     0x200009a0   Data           4  network.o(.bss..compoundliteral.102)
    [Anonymous Symbol]                       0x200009a0   Section        0  network.o(.bss..compoundliteral.102)
    .compoundliteral.11                      0x200009a4   Data           8  network.o(.bss..compoundliteral.11)
    [Anonymous Symbol]                       0x200009a4   Section        0  network.o(.bss..compoundliteral.11)
    .compoundliteral.14                      0x200009ac   Data          16  network.o(.bss..compoundliteral.14)
    [Anonymous Symbol]                       0x200009ac   Section        0  network.o(.bss..compoundliteral.14)
    .compoundliteral.15                      0x200009bc   Data          28  network.o(.bss..compoundliteral.15)
    [Anonymous Symbol]                       0x200009bc   Section        0  network.o(.bss..compoundliteral.15)
    .compoundliteral.16                      0x200009d8   Data           8  network.o(.bss..compoundliteral.16)
    [Anonymous Symbol]                       0x200009d8   Section        0  network.o(.bss..compoundliteral.16)
    .compoundliteral.26                      0x200009e0   Data          16  network.o(.bss..compoundliteral.26)
    [Anonymous Symbol]                       0x200009e0   Section        0  network.o(.bss..compoundliteral.26)
    .compoundliteral.28                      0x200009f0   Data          16  network.o(.bss..compoundliteral.28)
    [Anonymous Symbol]                       0x200009f0   Section        0  network.o(.bss..compoundliteral.28)
    .compoundliteral.35                      0x20000a00   Data           4  network.o(.bss..compoundliteral.35)
    [Anonymous Symbol]                       0x20000a00   Section        0  network.o(.bss..compoundliteral.35)
    .compoundliteral.48                      0x20000a04   Data           4  network.o(.bss..compoundliteral.48)
    [Anonymous Symbol]                       0x20000a04   Section        0  network.o(.bss..compoundliteral.48)
    .compoundliteral.49                      0x20000a08   Data           4  network.o(.bss..compoundliteral.49)
    [Anonymous Symbol]                       0x20000a08   Section        0  network.o(.bss..compoundliteral.49)
    .compoundliteral.60                      0x20000a0c   Data           4  network.o(.bss..compoundliteral.60)
    [Anonymous Symbol]                       0x20000a0c   Section        0  network.o(.bss..compoundliteral.60)
    .compoundliteral.74                      0x20000a10   Data           4  network.o(.bss..compoundliteral.74)
    [Anonymous Symbol]                       0x20000a10   Section        0  network.o(.bss..compoundliteral.74)
    .compoundliteral.88                      0x20000a14   Data           4  network.o(.bss..compoundliteral.88)
    [Anonymous Symbol]                       0x20000a14   Section        0  network.o(.bss..compoundliteral.88)
    .compoundliteral.9                       0x20000a18   Data          16  network.o(.bss..compoundliteral.9)
    [Anonymous Symbol]                       0x20000a18   Section        0  network.o(.bss..compoundliteral.9)
    activations                              0x20000a40   Data        7504  app_x-cube-ai.o(.bss.activations)
    [Anonymous Symbol]                       0x20000a40   Section        0  app_x-cube-ai.o(.bss.activations)
    HEAP                                     0x20009678   Section     2048  startup_stm32l432xx.o(HEAP)
    STACK                                    0x20009e78   Section     4096  startup_stm32l432xx.o(STACK)

    Global Symbols

    Symbol Name                              Value     Ov Type        Size  Object(Section)

    BuildAttributes$$THM_ISAv4$E$P$D$K$B$S$7EM$VFPi3$EXTD16$VFPS$VFMA$PE$A:L22UL41UL21$X:L11$S22US41US21$IEEE1$IW$~IW$USESV6$~STKCKD$USESV7$~SHL$OTIME$ROPI$IEEEX$EBA8$MICROLIB$REQ8$PRES8$EABIv2 0x00000000   Number         0  anon$$obj.o ABSOLUTE
    _printf_a                                0x00000000   Number         0  printfstubs.o ABSOLUTE
    _printf_c                                0x00000000   Number         0  printfstubs.o ABSOLUTE
    _printf_charcount                        0x00000000   Number         0  printfstubs.o ABSOLUTE
    _printf_d                                0x00000000   Number         0  printfstubs.o ABSOLUTE
    _printf_e                                0x00000000   Number         0  printfstubs.o ABSOLUTE
    _printf_f                                0x00000000   Number         0  printfstubs.o ABSOLUTE
    _printf_flags                            0x00000000   Number         0  printfstubs.o ABSOLUTE
    _printf_fp_dec                           0x00000000   Number         0  printfstubs.o ABSOLUTE
    _printf_fp_hex                           0x00000000   Number         0  printfstubs.o ABSOLUTE
    _printf_g                                0x00000000   Number         0  printfstubs.o ABSOLUTE
    _printf_i                                0x00000000   Number         0  printfstubs.o ABSOLUTE
    _printf_int_dec                          0x00000000   Number         0  printfstubs.o ABSOLUTE
    _printf_l                                0x00000000   Number         0  printfstubs.o ABSOLUTE
    _printf_lc                               0x00000000   Number         0  printfstubs.o ABSOLUTE
    _printf_ll                               0x00000000   Number         0  printfstubs.o ABSOLUTE
    _printf_lld                              0x00000000   Number         0  printfstubs.o ABSOLUTE
    _printf_lli                              0x00000000   Number         0  printfstubs.o ABSOLUTE
    _printf_llo                              0x00000000   Number         0  printfstubs.o ABSOLUTE
    _printf_llu                              0x00000000   Number         0  printfstubs.o ABSOLUTE
    _printf_llx                              0x00000000   Number         0  printfstubs.o ABSOLUTE
    _printf_longlong_dec                     0x00000000   Number         0  printfstubs.o ABSOLUTE
    _printf_longlong_hex                     0x00000000   Number         0  printfstubs.o ABSOLUTE
    _printf_longlong_oct                     0x00000000   Number         0  printfstubs.o ABSOLUTE
    _printf_ls                               0x00000000   Number         0  printfstubs.o ABSOLUTE
    _printf_mbtowc                           0x00000000   Number         0  printfstubs.o ABSOLUTE
    _printf_n                                0x00000000   Number         0  printfstubs.o ABSOLUTE
    _printf_o                                0x00000000   Number         0  printfstubs.o ABSOLUTE
    _printf_p                                0x00000000   Number         0  printfstubs.o ABSOLUTE
    _printf_percent                          0x00000000   Number         0  printfstubs.o ABSOLUTE
    _printf_pre_padding                      0x00000000   Number         0  printfstubs.o ABSOLUTE
    _printf_return_value                     0x00000000   Number         0  printfstubs.o ABSOLUTE
    _printf_s                                0x00000000   Number         0  printfstubs.o ABSOLUTE
    _printf_sizespec                         0x00000000   Number         0  printfstubs.o ABSOLUTE
    _printf_str                              0x00000000   Number         0  printfstubs.o ABSOLUTE
    _printf_truncate_signed                  0x00000000   Number         0  printfstubs.o ABSOLUTE
    _printf_truncate_unsigned                0x00000000   Number         0  printfstubs.o ABSOLUTE
    _printf_u                                0x00000000   Number         0  printfstubs.o ABSOLUTE
    _printf_wc                               0x00000000   Number         0  printfstubs.o ABSOLUTE
    _printf_wctomb                           0x00000000   Number         0  printfstubs.o ABSOLUTE
    _printf_widthprec                        0x00000000   Number         0  printfstubs.o ABSOLUTE
    _printf_x                                0x00000000   Number         0  printfstubs.o ABSOLUTE
    __cpp_initialize__aeabi_                  - Undefined Weak Reference
    __cxa_finalize                            - Undefined Weak Reference
    _clock_init                               - Undefined Weak Reference
    _microlib_exit                            - Undefined Weak Reference
    _scanf_longlong                           - Undefined Weak Reference
    _scanf_string                             - Undefined Weak Reference
    __Vectors_Size                           0x0000018c   Number         0  startup_stm32l432xx.o ABSOLUTE
    __Vectors                                0x08000000   Data           4  startup_stm32l432xx.o(RESET)
    __Vectors_End                            0x0800018c   Data           0  startup_stm32l432xx.o(RESET)
    __main                                   0x0800018d   Thumb Code     0  entry.o(.ARM.Collect$$$$00000000)
    _main_stk                                0x0800018d   Thumb Code     0  entry2.o(.ARM.Collect$$$$00000001)
    _main_scatterload                        0x08000191   Thumb Code     0  entry5.o(.ARM.Collect$$$$00000004)
    __main_after_scatterload                 0x08000195   Thumb Code     0  entry5.o(.ARM.Collect$$$$00000004)
    _main_clock                              0x08000195   Thumb Code     0  entry7b.o(.ARM.Collect$$$$00000008)
    _main_cpp_init                           0x08000195   Thumb Code     0  entry8b.o(.ARM.Collect$$$$0000000A)
    _main_init                               0x08000195   Thumb Code     0  entry9a.o(.ARM.Collect$$$$0000000B)
    __rt_final_cpp                           0x0800019d   Thumb Code     0  entry10a.o(.ARM.Collect$$$$0000000D)
    __rt_final_exit                          0x0800019d   Thumb Code     0  entry11a.o(.ARM.Collect$$$$0000000F)
    Reset_Handler                            0x080001a1   Thumb Code     8  startup_stm32l432xx.o(.text)
    ADC1_IRQHandler                          0x080001bb   Thumb Code     0  startup_stm32l432xx.o(.text)
    CAN1_RX0_IRQHandler                      0x080001bb   Thumb Code     0  startup_stm32l432xx.o(.text)
    CAN1_RX1_IRQHandler                      0x080001bb   Thumb Code     0  startup_stm32l432xx.o(.text)
    CAN1_SCE_IRQHandler                      0x080001bb   Thumb Code     0  startup_stm32l432xx.o(.text)
    CAN1_TX_IRQHandler                       0x080001bb   Thumb Code     0  startup_stm32l432xx.o(.text)
    COMP_IRQHandler                          0x080001bb   Thumb Code     0  startup_stm32l432xx.o(.text)
    CRS_IRQHandler                           0x080001bb   Thumb Code     0  startup_stm32l432xx.o(.text)
    DMA1_Channel1_IRQHandler                 0x080001bb   Thumb Code     0  startup_stm32l432xx.o(.text)
    DMA1_Channel2_IRQHandler                 0x080001bb   Thumb Code     0  startup_stm32l432xx.o(.text)
    DMA1_Channel3_IRQHandler                 0x080001bb   Thumb Code     0  startup_stm32l432xx.o(.text)
    DMA1_Channel4_IRQHandler                 0x080001bb   Thumb Code     0  startup_stm32l432xx.o(.text)
    DMA1_Channel5_IRQHandler                 0x080001bb   Thumb Code     0  startup_stm32l432xx.o(.text)
    DMA1_Channel6_IRQHandler                 0x080001bb   Thumb Code     0  startup_stm32l432xx.o(.text)
    DMA1_Channel7_IRQHandler                 0x080001bb   Thumb Code     0  startup_stm32l432xx.o(.text)
    DMA2_Channel1_IRQHandler                 0x080001bb   Thumb Code     0  startup_stm32l432xx.o(.text)
    DMA2_Channel2_IRQHandler                 0x080001bb   Thumb Code     0  startup_stm32l432xx.o(.text)
    DMA2_Channel3_IRQHandler                 0x080001bb   Thumb Code     0  startup_stm32l432xx.o(.text)
    DMA2_Channel4_IRQHandler                 0x080001bb   Thumb Code     0  startup_stm32l432xx.o(.text)
    DMA2_Channel5_IRQHandler                 0x080001bb   Thumb Code     0  startup_stm32l432xx.o(.text)
    DMA2_Channel6_IRQHandler                 0x080001bb   Thumb Code     0  startup_stm32l432xx.o(.text)
    DMA2_Channel7_IRQHandler                 0x080001bb   Thumb Code     0  startup_stm32l432xx.o(.text)
    EXTI0_IRQHandler                         0x080001bb   Thumb Code     0  startup_stm32l432xx.o(.text)
    EXTI15_10_IRQHandler                     0x080001bb   Thumb Code     0  startup_stm32l432xx.o(.text)
    EXTI1_IRQHandler                         0x080001bb   Thumb Code     0  startup_stm32l432xx.o(.text)
    EXTI2_IRQHandler                         0x080001bb   Thumb Code     0  startup_stm32l432xx.o(.text)
    EXTI3_IRQHandler                         0x080001bb   Thumb Code     0  startup_stm32l432xx.o(.text)
    EXTI4_IRQHandler                         0x080001bb   Thumb Code     0  startup_stm32l432xx.o(.text)
    EXTI9_5_IRQHandler                       0x080001bb   Thumb Code     0  startup_stm32l432xx.o(.text)
    FLASH_IRQHandler                         0x080001bb   Thumb Code     0  startup_stm32l432xx.o(.text)
    FPU_IRQHandler                           0x080001bb   Thumb Code     0  startup_stm32l432xx.o(.text)
    I2C1_ER_IRQHandler                       0x080001bb   Thumb Code     0  startup_stm32l432xx.o(.text)
    I2C1_EV_IRQHandler                       0x080001bb   Thumb Code     0  startup_stm32l432xx.o(.text)
    I2C3_ER_IRQHandler                       0x080001bb   Thumb Code     0  startup_stm32l432xx.o(.text)
    I2C3_EV_IRQHandler                       0x080001bb   Thumb Code     0  startup_stm32l432xx.o(.text)
    LPTIM1_IRQHandler                        0x080001bb   Thumb Code     0  startup_stm32l432xx.o(.text)
    LPTIM2_IRQHandler                        0x080001bb   Thumb Code     0  startup_stm32l432xx.o(.text)
    LPUART1_IRQHandler                       0x080001bb   Thumb Code     0  startup_stm32l432xx.o(.text)
    PVD_PVM_IRQHandler                       0x080001bb   Thumb Code     0  startup_stm32l432xx.o(.text)
    QUADSPI_IRQHandler                       0x080001bb   Thumb Code     0  startup_stm32l432xx.o(.text)
    RCC_IRQHandler                           0x080001bb   Thumb Code     0  startup_stm32l432xx.o(.text)
    RNG_IRQHandler                           0x080001bb   Thumb Code     0  startup_stm32l432xx.o(.text)
    RTC_Alarm_IRQHandler                     0x080001bb   Thumb Code     0  startup_stm32l432xx.o(.text)
    RTC_WKUP_IRQHandler                      0x080001bb   Thumb Code     0  startup_stm32l432xx.o(.text)
    SAI1_IRQHandler                          0x080001bb   Thumb Code     0  startup_stm32l432xx.o(.text)
    SPI1_IRQHandler                          0x080001bb   Thumb Code     0  startup_stm32l432xx.o(.text)
    SPI3_IRQHandler                          0x080001bb   Thumb Code     0  startup_stm32l432xx.o(.text)
    SWPMI1_IRQHandler                        0x080001bb   Thumb Code     0  startup_stm32l432xx.o(.text)
    TAMP_STAMP_IRQHandler                    0x080001bb   Thumb Code     0  startup_stm32l432xx.o(.text)
    TIM1_BRK_TIM15_IRQHandler                0x080001bb   Thumb Code     0  startup_stm32l432xx.o(.text)
    TIM1_CC_IRQHandler                       0x080001bb   Thumb Code     0  startup_stm32l432xx.o(.text)
    TIM1_TRG_COM_IRQHandler                  0x080001bb   Thumb Code     0  startup_stm32l432xx.o(.text)
    TIM1_UP_TIM16_IRQHandler                 0x080001bb   Thumb Code     0  startup_stm32l432xx.o(.text)
    TIM6_DAC_IRQHandler                      0x080001bb   Thumb Code     0  startup_stm32l432xx.o(.text)
    TIM7_IRQHandler                          0x080001bb   Thumb Code     0  startup_stm32l432xx.o(.text)
    TSC_IRQHandler                           0x080001bb   Thumb Code     0  startup_stm32l432xx.o(.text)
    USART1_IRQHandler                        0x080001bb   Thumb Code     0  startup_stm32l432xx.o(.text)
    USART2_IRQHandler                        0x080001bb   Thumb Code     0  startup_stm32l432xx.o(.text)
    USB_IRQHandler                           0x080001bb   Thumb Code     0  startup_stm32l432xx.o(.text)
    WWDG_IRQHandler                          0x080001bb   Thumb Code     0  startup_stm32l432xx.o(.text)
    __aeabi_uldivmod                         0x080001c5   Thumb Code    98  uldiv.o(.text)
    __aeabi_memcpy                           0x0800022d   Thumb Code    36  memcpya.o(.text)
    __aeabi_memcpy4                          0x0800022d   Thumb Code     0  memcpya.o(.text)
    __aeabi_memcpy8                          0x0800022d   Thumb Code     0  memcpya.o(.text)
    __aeabi_memset                           0x08000251   Thumb Code    14  memseta.o(.text)
    __aeabi_memset4                          0x08000251   Thumb Code     0  memseta.o(.text)
    __aeabi_memset8                          0x08000251   Thumb Code     0  memseta.o(.text)
    __aeabi_memclr                           0x0800025f   Thumb Code     4  memseta.o(.text)
    __aeabi_memclr4                          0x0800025f   Thumb Code     0  memseta.o(.text)
    __aeabi_memclr8                          0x0800025f   Thumb Code     0  memseta.o(.text)
    _memset$wrapper                          0x08000263   Thumb Code    18  memseta.o(.text)
    memcmp                                   0x08000275   Thumb Code    26  memcmp.o(.text)
    __0scanf                                 0x08000291   Thumb Code    26  __0scanf.o(.text)
    _scanf_int                               0x080002b1   Thumb Code   332  _scanf_int.o(.text)
    _scanf_real                              0x0800052d   Thumb Code     0  scanf_fp.o(.text)
    _scanf_really_real                       0x0800052d   Thumb Code   556  scanf_fp.o(.text)
    __aeabi_dadd                             0x0800076b   Thumb Code   322  dadd.o(.text)
    __aeabi_dsub                             0x080008ad   Thumb Code     6  dadd.o(.text)
    __aeabi_drsub                            0x080008b3   Thumb Code     6  dadd.o(.text)
    __aeabi_ddiv                             0x080008c9   Thumb Code   222  ddiv.o(.text)
    __aeabi_dcmple                           0x080009a7   Thumb Code    54  dcmple.o(.text)
    __aeabi_ui2d                             0x080009dd   Thumb Code    26  dfltui.o(.text)
    __aeabi_f2d                              0x080009f7   Thumb Code    38  f2d.o(.text)
    __aeabi_d2f                              0x08000a1d   Thumb Code    56  d2f.o(.text)
    __aeabi_uidiv                            0x08000a55   Thumb Code     0  uidiv.o(.text)
    __aeabi_uidivmod                         0x08000a55   Thumb Code    44  uidiv.o(.text)
    __aeabi_llsl                             0x08000a81   Thumb Code    30  llshl.o(.text)
    _ll_shift_l                              0x08000a81   Thumb Code     0  llshl.o(.text)
    __aeabi_llsr                             0x08000a9f   Thumb Code    32  llushr.o(.text)
    _ll_ushift_r                             0x08000a9f   Thumb Code     0  llushr.o(.text)
    __aeabi_lasr                             0x08000abf   Thumb Code    36  llsshr.o(.text)
    _ll_sshift_r                             0x08000abf   Thumb Code     0  llsshr.o(.text)
    _chval                                   0x08000ae3   Thumb Code    28  _chval.o(.text)
    __vfscanf_char_file                      0x08000b01   Thumb Code    12  scanf_char_file.o(.text)
    __I$use$fp                               0x08000b15   Thumb Code     0  iusefp.o(.text)
    _float_round                             0x08000b15   Thumb Code    18  fepilogue.o(.text)
    _float_epilogue                          0x08000b27   Thumb Code    92  fepilogue.o(.text)
    _double_round                            0x08000b83   Thumb Code    30  depilogue.o(.text)
    _double_epilogue                         0x08000ba1   Thumb Code   156  depilogue.o(.text)
    __aeabi_dmul                             0x08000c3d   Thumb Code   228  dmul.o(.text)
    __aeabi_ul2d                             0x08000d27   Thumb Code    24  dfltul.o(.text)
    __aeabi_d2ulz                            0x08000d3f   Thumb Code    48  dfixul.o(.text)
    __aeabi_cdrcmple                         0x08000d71   Thumb Code    48  cdrcmple.o(.text)
    __scatterload                            0x08000da1   Thumb Code    28  init.o(.text)
    __scatterload_rt2                        0x08000da1   Thumb Code     0  init.o(.text)
    _fgetc$bs                                0x08000dc5   Thumb Code    28  fgetc_b.o(.text)
    __backspace                              0x08000de1   Thumb Code    10  fgetc_b.o(.text)
    __vfscanf_char                           0x08000dfd   Thumb Code    20  scanf_char.o(.text)
    __semihosting_library_function           0x08000e19   Thumb Code     0  semi.o(.text)
    isspace                                  0x08000e19   Thumb Code    10  isspace_c.o(.text)
    __vfscanf                                0x08000e25   Thumb Code   808  _scanf.o(.text)
    __I$use$semihosting$fgetc                0x08001157   Thumb Code     0  iusesemig.o(.text)
    __ctype_lookup                           0x08001159   Thumb Code    34  ctype_c.o(.text)
    __decompress                             0x08001181   Thumb Code     0  __dczerorl2.o(.text)
    __decompress1                            0x08001181   Thumb Code    86  __dczerorl2.o(.text)
    BusFault_Handler                         0x080011d7   Thumb Code     2  stm32l4xx_it.o(.text.BusFault_Handler)
    DebugMon_Handler                         0x080011d9   Thumb Code     2  stm32l4xx_it.o(.text.DebugMon_Handler)
    Error_Handler                            0x080011db   Thumb Code     8  main.o(.text.Error_Handler)
    HAL_CRCEx_Polynomial_Set                 0x080011e5   Thumb Code    78  stm32l4xx_hal_crc_ex.o(.text.HAL_CRCEx_Polynomial_Set)
    HAL_CRC_Init                             0x08001235   Thumb Code   108  stm32l4xx_hal_crc.o(.text.HAL_CRC_Init)
    HAL_CRC_MspInit                          0x080012a5   Thumb Code    36  crc.o(.text.HAL_CRC_MspInit)
    HAL_Delay                                0x080012d1   Thumb Code    32  stm32l4xx_hal.o(.text.HAL_Delay)
    HAL_GPIO_Init                            0x080012f1   Thumb Code   368  stm32l4xx_hal_gpio.o(.text.HAL_GPIO_Init)
    HAL_GetTick                              0x0800147d   Thumb Code     8  stm32l4xx_hal.o(.text.HAL_GetTick)
    HAL_IncTick                              0x08001485   Thumb Code    16  stm32l4xx_hal.o(.text.HAL_IncTick)
    HAL_Init                                 0x08001499   Thumb Code    28  stm32l4xx_hal.o(.text.HAL_Init)
    HAL_InitTick                             0x080014b5   Thumb Code    64  stm32l4xx_hal.o(.text.HAL_InitTick)
    HAL_MspInit                              0x080014f9   Thumb Code    44  stm32l4xx_hal_msp.o(.text.HAL_MspInit)
    HAL_NVIC_EnableIRQ                       0x08001529   Thumb Code    24  stm32l4xx_hal_cortex.o(.text.HAL_NVIC_EnableIRQ)
    HAL_NVIC_SetPriority                     0x08001545   Thumb Code    72  stm32l4xx_hal_cortex.o(.text.HAL_NVIC_SetPriority)
    HAL_NVIC_SetPriorityGrouping             0x08001591   Thumb Code    24  stm32l4xx_hal_cortex.o(.text.HAL_NVIC_SetPriorityGrouping)
    HAL_PWREx_ControlVoltageScaling          0x080015b1   Thumb Code   100  stm32l4xx_hal_pwr_ex.o(.text.HAL_PWREx_ControlVoltageScaling)
    HAL_PWREx_GetVoltageRange                0x0800161d   Thumb Code    12  stm32l4xx_hal_pwr_ex.o(.text.HAL_PWREx_GetVoltageRange)
    HAL_RCCEx_PeriphCLKConfig                0x08001629   Thumb Code   548  stm32l4xx_hal_rcc_ex.o(.text.HAL_RCCEx_PeriphCLKConfig)
    HAL_RCC_ClockConfig                      0x08001855   Thumb Code   284  stm32l4xx_hal_rcc.o(.text.HAL_RCC_ClockConfig)
    HAL_RCC_GetPCLK1Freq                     0x0800197d   Thumb Code    20  stm32l4xx_hal_rcc.o(.text.HAL_RCC_GetPCLK1Freq)
    HAL_RCC_GetPCLK2Freq                     0x08001991   Thumb Code    20  stm32l4xx_hal_rcc.o(.text.HAL_RCC_GetPCLK2Freq)
    HAL_RCC_GetSysClockFreq                  0x080019b1   Thumb Code   144  stm32l4xx_hal_rcc.o(.text.HAL_RCC_GetSysClockFreq)
    HAL_RCC_OscConfig                        0x08001a51   Thumb Code  1304  stm32l4xx_hal_rcc.o(.text.HAL_RCC_OscConfig)
    HAL_SYSTICK_Config                       0x08001f85   Thumb Code    32  stm32l4xx_hal_cortex.o(.text.HAL_SYSTICK_Config)
    HAL_UART_Init                            0x08001fad   Thumb Code    56  stm32l4xx_hal_uart.o(.text.HAL_UART_Init)
    HAL_UART_MspInit                         0x08001fe5   Thumb Code   128  usart.o(.text.HAL_UART_MspInit)
    HAL_UART_Receive                         0x08002065   Thumb Code   210  stm32l4xx_hal_uart.o(.text.HAL_UART_Receive)
    HAL_UART_Transmit                        0x08002137   Thumb Code   178  stm32l4xx_hal_uart.o(.text.HAL_UART_Transmit)
    HardFault_Handler                        0x080021e9   Thumb Code     2  stm32l4xx_it.o(.text.HardFault_Handler)
    LL_TIM_Init                              0x080021ed   Thumb Code   100  stm32l4xx_ll_tim.o(.text.LL_TIM_Init)
    MX_CRC_Init                              0x0800225d   Thumb Code    36  crc.o(.text.MX_CRC_Init)
    MX_GPIO_Init                             0x08002289   Thumb Code    44  gpio.o(.text.MX_GPIO_Init)
    MX_TIM2_Init                             0x080022b9   Thumb Code   120  tim.o(.text.MX_TIM2_Init)
    MX_USART2_UART_Init                      0x08002341   Thumb Code    52  usart.o(.text.MX_USART2_UART_Init)
    MX_X_CUBE_AI_Init                        0x0800237d   Thumb Code     4  app_x-cube-ai.o(.text.MX_X_CUBE_AI_Init)
    MemManage_Handler                        0x08002381   Thumb Code     2  stm32l4xx_it.o(.text.MemManage_Handler)
    NMI_Handler                              0x08002383   Thumb Code     2  stm32l4xx_it.o(.text.NMI_Handler)
    PendSV_Handler                           0x0800246b   Thumb Code     2  stm32l4xx_it.o(.text.PendSV_Handler)
    SVC_Handler                              0x08002611   Thumb Code     2  stm32l4xx_it.o(.text.SVC_Handler)
    SysTick_Handler                          0x08002613   Thumb Code     4  stm32l4xx_it.o(.text.SysTick_Handler)
    SystemClock_Config                       0x08002617   Thumb Code   152  main.o(.text.SystemClock_Config)
    SystemInit                               0x080026b1   Thumb Code    64  system_stm32l4xx.o(.text.SystemInit)
    TIM2_IRQHandler                          0x080026fd   Thumb Code     2  stm32l4xx_it.o(.text.TIM2_IRQHandler)
    UART_AdvFeatureConfig                    0x080026ff   Thumb Code   168  stm32l4xx_hal_uart.o(.text.UART_AdvFeatureConfig)
    UART_CheckIdleState                      0x080027a7   Thumb Code    76  stm32l4xx_hal_uart.o(.text.UART_CheckIdleState)
    UART_SetConfig                           0x080027f5   Thumb Code   376  stm32l4xx_hal_uart.o(.text.UART_SetConfig)
    UART_WaitOnFlagUntilTimeout              0x0800299d   Thumb Code   124  stm32l4xx_hal_uart.o(.text.UART_WaitOnFlagUntilTimeout)
    UsageFault_Handler                       0x08002a19   Thumb Code     2  stm32l4xx_it.o(.text.UsageFault_Handler)
    aiInit                                   0x08002a1d   Thumb Code    56  app_x-cube-ai.o(.text.aiInit)
    aiRun                                    0x08002a59   Thumb Code    40  app_x-cube-ai.o(.text.aiRun)
    ai_network_create                        0x08002a85   Thumb Code    20  network.o(.text.ai_network_create)
    ai_network_create_and_init               0x08002a99   Thumb Code   128  network.o(.text.ai_network_create_and_init)
    ai_network_data_params_get               0x08002b19   Thumb Code    40  network_data.o(.text.ai_network_data_params_get)
    ai_network_get_error                     0x08002b49   Thumb Code     4  network.o(.text.ai_network_get_error)
    ai_network_init                          0x08002b4d   Thumb Code   320  network.o(.text.ai_network_init)
    ai_network_inputs_get                    0x08002c9d   Thumb Code    16  network.o(.text.ai_network_inputs_get)
    ai_network_outputs_get                   0x08002cad   Thumb Code    16  network.o(.text.ai_network_outputs_get)
    ai_network_run                           0x08002cc5   Thumb Code     4  network.o(.text.ai_network_run)
    bandpassfilter                           0x08002cc9   Thumb Code    20  rrvt.o(.text.bandpassfilter)
    detect_peaks                             0x08002cdd   Thumb Code   100  rrvt.o(.text.detect_peaks)
    detect_qrs                               0x08002d41   Thumb Code   176  rrvt.o(.text.detect_qrs)
    ediff1d                                  0x08002df1   Thumb Code    40  rrvt.o(.text.ediff1d)
    fgetc                                    0x08002e19   Thumb Code    24  usart.o(.text.fgetc)
    findpeaks                                0x08002e31   Thumb Code   408  rrvt.o(.text.findpeaks)
    fputc                                    0x08002fd1   Thumb Code    24  usart.o(.text.fputc)
    getCurrentMicros                         0x08002fed   Thumb Code    56  main.o(.text.getCurrentMicros)
    load_ecg_data                            0x08003029   Thumb Code    56  rrvt.o(.text.load_ecg_data)
    lowpass_butter                           0x08003065   Thumb Code    46  rrvt.o(.text.lowpass_butter)
    main                                     0x08003099   Thumb Code   240  main.o(.text.main)
    rrvt                                     0x080031bd   Thumb Code   248  rrvt.o(.text.rrvt)
    square                                   0x080032bb   Thumb Code    30  rrvt.o(.text.square)
    __0printf                                0x08003345   Thumb Code    22  printfa.o(i.__0printf)
    __1printf                                0x08003345   Thumb Code     0  printfa.o(i.__0printf)
    __2printf                                0x08003345   Thumb Code     0  printfa.o(i.__0printf)
    __c89printf                              0x08003345   Thumb Code     0  printfa.o(i.__0printf)
    printf                                   0x08003345   Thumb Code     0  printfa.o(i.__0printf)
    free                                     0x0800345d   Thumb Code    88  mallocr.o(i.__free$realloc)
    malloc                                   0x080034b9   Thumb Code    64  mallocr.o(i.__malloc$realloc)
    __scatterload_copy                       0x08003509   Thumb Code    14  handlers.o(i.__scatterload_copy)
    __scatterload_null                       0x08003517   Thumb Code     2  handlers.o(i.__scatterload_null)
    __scatterload_zeroinit                   0x08003519   Thumb Code    14  handlers.o(i.__scatterload_zeroinit)
    _ai_platform_acquire_crc                 0x0800374f   Thumb Code     4  ai_platform_interface.o(i._ai_platform_acquire_crc)
    _ai_platform_release_crc                 0x0800382b   Thumb Code     2  ai_platform_interface.o(i._ai_platform_release_crc)
    _is_digit                                0x080039b7   Thumb Code    14  scanf_fp.o(i._is_digit)
    ai_array_get_byte_size                   0x08004529   Thumb Code    54  ai_datatypes_format.o(i.ai_array_get_byte_size)
    ai_array_get_data_byte_size              0x0800455f   Thumb Code    30  ai_datatypes_format.o(i.ai_array_get_data_byte_size)
    ai_array_to_buffer_fmt                   0x0800457d   Thumb Code   242  ai_datatypes_format.o(i.ai_array_to_buffer_fmt)
    ai_buffer_array_item_set_address         0x080046a5   Thumb Code    36  ai_platform.o(i.ai_buffer_array_item_set_address)
    ai_buffer_array_sane                     0x080046c9   Thumb Code    18  ai_platform.o(i.ai_buffer_array_sane)
    ai_buffer_get_size                       0x080046dd   Thumb Code    96  ai_platform.o(i.ai_buffer_get_size)
    ai_check_custom_types                    0x08004745   Thumb Code    38  layers.o(i.ai_check_custom_types)
    ai_dict_decompress_f32                   0x08004e05   Thumb Code   122  layers_conv2d_generic_float.o(i.ai_dict_decompress_f32)
    ai_layers_forward_all                    0x08004e7f   Thumb Code    78  layers.o(i.ai_layers_forward_all)
    ai_layers_init_all                       0x08004ecd   Thumb Code    30  layers.o(i.ai_layers_init_all)
    ai_layers_post_init_all                  0x08004eeb   Thumb Code    54  layers.o(i.ai_layers_post_init_all)
    ai_platform_bind_network_params          0x08004f21   Thumb Code    38  ai_platform_interface.o(i.ai_platform_bind_network_params)
    ai_platform_context_acquire              0x08004f4d   Thumb Code    24  ai_platform_interface.o(i.ai_platform_context_acquire)
    ai_platform_get_activations_map          0x08004f69   Thumb Code    38  ai_platform_interface.o(i.ai_platform_get_activations_map)
    ai_platform_get_weights_map              0x08004f95   Thumb Code    36  ai_platform_interface.o(i.ai_platform_get_weights_map)
    ai_platform_inputs_get                   0x08004fbd   Thumb Code    60  ai_platform_interface.o(i.ai_platform_inputs_get)
    ai_platform_interface_api_get_version    0x08004ff9   Thumb Code    14  ai_platform_interface.o(i.ai_platform_interface_api_get_version)
    ai_platform_network_create               0x0800500d   Thumb Code   240  ai_platform_interface.o(i.ai_platform_network_create)
    ai_platform_network_get_error            0x0800511d   Thumb Code    24  ai_platform_interface.o(i.ai_platform_network_get_error)
    ai_platform_network_init                 0x08005139   Thumb Code   254  ai_platform_interface.o(i.ai_platform_network_init)
    ai_platform_network_post_init            0x0800524b   Thumb Code    70  ai_platform_interface.o(i.ai_platform_network_post_init)
    ai_platform_network_process              0x08005291   Thumb Code    84  ai_platform_interface.o(i.ai_platform_network_process)
    ai_platform_network_set_error            0x080052e5   Thumb Code    12  ai_platform_interface.o(i.ai_platform_network_set_error)
    ai_platform_outputs_get                  0x080052f1   Thumb Code    68  ai_platform_interface.o(i.ai_platform_outputs_get)
    ai_version_get                           0x0800534f   Thumb Code    12  ai_datatypes_internal.o(i.ai_version_get)
    core_get_error                           0x0800535b   Thumb Code    12  core_common.o(i.core_get_error)
    core_init                                0x08005367   Thumb Code     4  core_common.o(i.core_init)
    core_set_error                           0x0800539d   Thumb Code    26  core_common.o(i.core_set_error)
    forward_bn                               0x080053b9   Thumb Code   298  layers_norm_generic_float.o(i.forward_bn)
    forward_conv2d                           0x080054e5   Thumb Code   656  layers_conv2d_generic_float.o(i.forward_conv2d)
    forward_dense                            0x08005781   Thumb Code   514  layers_conv2d_generic_float.o(i.forward_dense)
    forward_transpose                        0x0800598f   Thumb Code    76  layers_generic_float.o(i.forward_transpose)
    get_tensor_byte_size                     0x080059dd   Thumb Code    34  ai_datatypes_internal.o(i.get_tensor_byte_size)
    nl_func_relu_array_f32                   0x08005a55   Thumb Code    62  layers_nl_generic_float.o(i.nl_func_relu_array_f32)
    __ctype_categories                       0x08005ef8   Data          64  ctype_c.o(.constdata)
    AHBPrescTable                            0x08005f48   Data          16  system_stm32l4xx.o(.rodata.AHBPrescTable)
    APBPrescTable                            0x08005f58   Data           8  system_stm32l4xx.o(.rodata.APBPrescTable)
    MSIRangeTable                            0x08005f60   Data          48  system_stm32l4xx.o(.rodata.MSIRangeTable)
    s_network_weights_array_u64              0x08005fe0   Data        1496  network_data_params.o(.rodata.s_network_weights_array_u64)
    Region$$Table$$Base                      0x080065b8   Number         0  anon$$obj.o(Region$$Table)
    Region$$Table$$Limit                     0x080065d8   Number         0  anon$$obj.o(Region$$Table)
    __stdin                                  0x20000000   Data           4  stdin.o(.data)
    __stdout                                 0x20000004   Data           4  stdout.o(.data)
    __microlib_freelist                      0x20000008   Data           4  mvars.o(.data)
    __microlib_freelist_initialised          0x2000000c   Data           4  mvars.o(.data)
    signal_frequency                         0x20000084   Data           4  rrvt.o(.data..L_MergedGlobals)
    upper_threshold                          0x20000088   Data           4  rrvt.o(.data..L_MergedGlobals)
    lower_threshold                          0x2000008c   Data           4  rrvt.o(.data..L_MergedGlobals)
    findpeaks_spacing                        0x20000090   Data           4  rrvt.o(.data..L_MergedGlobals)
    refractory_period                        0x20000094   Data           4  rrvt.o(.data..L_MergedGlobals)
    qrs_peak_filtering_factor                0x20000098   Data           4  rrvt.o(.data..L_MergedGlobals)
    uwTickFreq                               0x2000009c   Data           1  stm32l4xx_hal.o(.data..L_MergedGlobals)
    uwTickPrio                               0x200000a0   Data           4  stm32l4xx_hal.o(.data..L_MergedGlobals)
    SystemCoreClock                          0x200005cc   Data           4  system_stm32l4xx.o(.data.SystemCoreClock)
    g_network_data_map_activations           0x2000061c   Data          28  network_data.o(.data.g_network_data_map_activations)
    g_network_data_map_weights               0x20000638   Data          28  network_data.o(.data.g_network_data_map_weights)
    qrs_peak_value                           0x20000974   Data           4  rrvt.o(.bss..L_MergedGlobals.1)
    threshold_value                          0x20000978   Data           4  rrvt.o(.bss..L_MergedGlobals.1)
    detected_peaks_indices                   0x20002790   Data        5804  rrvt.o(.bss.detected_peaks_indices)
    detected_peaks_values                    0x20003e3c   Data        5804  rrvt.o(.bss.detected_peaks_values)
    ecg_data_raw                             0x200054e8   Data        5804  rrvt.o(.bss.ecg_data_raw)
    hcrc                                     0x20006b94   Data          36  crc.o(.bss.hcrc)
    huart2                                   0x20006bb8   Data         128  usart.o(.bss.huart2)
    input                                    0x20006c38   Data        5000  main.o(.bss.input)
    qrs_peaks_indices                        0x20007fc0   Data        5804  rrvt.o(.bss.qrs_peaks_indices)
    result                                   0x2000966c   Data           8  main.o(.bss.result)
    uwTick                                   0x20009674   Data           4  stm32l4xx_hal.o(.bss.uwTick)
    __heap_base                              0x20009678   Data           0  startup_stm32l432xx.o(HEAP)
    __heap_limit                             0x20009e78   Data           0  startup_stm32l432xx.o(HEAP)
    __initial_sp                             0x2000ae78   Data           0  startup_stm32l432xx.o(STACK)



==============================================================================

Memory Map of the image

  Image Entry point : 0x0800018d

  Load Region LR_IROM1 (Base: 0x08000000, Size: 0x00006f40, Max: 0x00040000, ABSOLUTE, COMPRESSED[0x00006960])

    Execution Region ER_IROM1 (Exec base: 0x08000000, Load base: 0x08000000, Size: 0x000065d8, Max: 0x00040000, ABSOLUTE)

    Exec Addr    Load Addr    Size         Type   Attr      Idx    E Section Name        Object

    0x08000000   0x08000000   0x0000018c   Data   RO            3    RESET               startup_stm32l432xx.o
    0x0800018c   0x0800018c   0x00000000   Code   RO         2740  * .ARM.Collect$$$$00000000  mc_w.l(entry.o)
    0x0800018c   0x0800018c   0x00000004   Code   RO         3092    .ARM.Collect$$$$00000001  mc_w.l(entry2.o)
    0x08000190   0x08000190   0x00000004   Code   RO         3095    .ARM.Collect$$$$00000004  mc_w.l(entry5.o)
    0x08000194   0x08000194   0x00000000   Code   RO         3097    .ARM.Collect$$$$00000008  mc_w.l(entry7b.o)
    0x08000194   0x08000194   0x00000000   Code   RO         3099    .ARM.Collect$$$$0000000A  mc_w.l(entry8b.o)
    0x08000194   0x08000194   0x00000008   Code   RO         3100    .ARM.Collect$$$$0000000B  mc_w.l(entry9a.o)
    0x0800019c   0x0800019c   0x00000000   Code   RO         3102    .ARM.Collect$$$$0000000D  mc_w.l(entry10a.o)
    0x0800019c   0x0800019c   0x00000000   Code   RO         3104    .ARM.Collect$$$$0000000F  mc_w.l(entry11a.o)
    0x0800019c   0x0800019c   0x00000004   Code   RO         3093    .ARM.Collect$$$$00002712  mc_w.l(entry2.o)
    0x080001a0   0x080001a0   0x00000024   Code   RO            4    .text               startup_stm32l432xx.o
    0x080001c4   0x080001c4   0x00000068   Code   RO         2743    .text               mc_w.l(uldiv.o)
    0x0800022c   0x0800022c   0x00000024   Code   RO         2748    .text               mc_w.l(memcpya.o)
    0x08000250   0x08000250   0x00000024   Code   RO         2750    .text               mc_w.l(memseta.o)
    0x08000274   0x08000274   0x0000001a   Code   RO         2752    .text               mc_w.l(memcmp.o)
    0x0800028e   0x0800028e   0x00000002   PAD
    0x08000290   0x08000290   0x00000020   Code   RO         3045    .text               mc_w.l(__0scanf.o)
    0x080002b0   0x080002b0   0x00000152   Code   RO         3047    .text               mc_w.l(_scanf_int.o)
    0x08000402   0x08000402   0x00000002   PAD
    0x08000404   0x08000404   0x00000366   Code   RO         3049    .text               mc_w.l(scanf_fp.o)
    0x0800076a   0x0800076a   0x0000015e   Code   RO         3053    .text               mf_w.l(dadd.o)
    0x080008c8   0x080008c8   0x000000de   Code   RO         3055    .text               mf_w.l(ddiv.o)
    0x080009a6   0x080009a6   0x00000036   Code   RO         3057    .text               mf_w.l(dcmple.o)
    0x080009dc   0x080009dc   0x0000001a   Code   RO         3059    .text               mf_w.l(dfltui.o)
    0x080009f6   0x080009f6   0x00000026   Code   RO         3063    .text               mf_w.l(f2d.o)
    0x08000a1c   0x08000a1c   0x00000038   Code   RO         3065    .text               mf_w.l(d2f.o)
    0x08000a54   0x08000a54   0x0000002c   Code   RO         3117    .text               mc_w.l(uidiv.o)
    0x08000a80   0x08000a80   0x0000001e   Code   RO         3119    .text               mc_w.l(llshl.o)
    0x08000a9e   0x08000a9e   0x00000020   Code   RO         3121    .text               mc_w.l(llushr.o)
    0x08000abe   0x08000abe   0x00000024   Code   RO         3123    .text               mc_w.l(llsshr.o)
    0x08000ae2   0x08000ae2   0x0000001c   Code   RO         3134    .text               mc_w.l(_chval.o)
    0x08000afe   0x08000afe   0x00000002   PAD
    0x08000b00   0x08000b00   0x00000014   Code   RO         3136    .text               mc_w.l(scanf_char_file.o)
    0x08000b14   0x08000b14   0x00000000   Code   RO         3138    .text               mc_w.l(iusefp.o)
    0x08000b14   0x08000b14   0x0000006e   Code   RO         3139    .text               mf_w.l(fepilogue.o)
    0x08000b82   0x08000b82   0x000000ba   Code   RO         3145    .text               mf_w.l(depilogue.o)
    0x08000c3c   0x08000c3c   0x000000ea   Code   RO         3147    .text               mf_w.l(dmul.o)
    0x08000d26   0x08000d26   0x00000018   Code   RO         3149    .text               mf_w.l(dfltul.o)
    0x08000d3e   0x08000d3e   0x00000030   Code   RO         3151    .text               mf_w.l(dfixul.o)
    0x08000d6e   0x08000d6e   0x00000002   PAD
    0x08000d70   0x08000d70   0x00000030   Code   RO         3153    .text               mf_w.l(cdrcmple.o)
    0x08000da0   0x08000da0   0x00000024   Code   RO         3157    .text               mc_w.l(init.o)
    0x08000dc4   0x08000dc4   0x0000002c   Code   RO         3159    .text               mc_w.l(fgetc_b.o)
    0x08000df0   0x08000df0   0x00000028   Code   RO         3162    .text               mc_w.l(scanf_char.o)
    0x08000e18   0x08000e18   0x00000000   Code   RO         3164    .text               mc_w.l(semi.o)
    0x08000e18   0x08000e18   0x0000000a   Code   RO         3165    .text               mc_w.l(isspace_c.o)
    0x08000e22   0x08000e22   0x00000002   PAD
    0x08000e24   0x08000e24   0x00000332   Code   RO         3167    .text               mc_w.l(_scanf.o)
    0x08001156   0x08001156   0x00000000   Code   RO         3169    .text               mc_w.l(iusesemig.o)
    0x08001156   0x08001156   0x00000002   PAD
    0x08001158   0x08001158   0x00000028   Code   RO         3170    .text               mc_w.l(ctype_c.o)
    0x08001180   0x08001180   0x00000056   Code   RO         3181    .text               mc_w.l(__dczerorl2.o)
    0x080011d6   0x080011d6   0x00000002   Code   RO          295    .text.BusFault_Handler  stm32l4xx_it.o
    0x080011d8   0x080011d8   0x00000002   Code   RO          301    .text.DebugMon_Handler  stm32l4xx_it.o
    0x080011da   0x080011da   0x00000008   Code   RO          199    .text.Error_Handler  main.o
    0x080011e2   0x080011e2   0x00000002   PAD
    0x080011e4   0x080011e4   0x0000004e   Code   RO          432    .text.HAL_CRCEx_Polynomial_Set  stm32l4xx_hal_crc_ex.o
    0x08001232   0x08001232   0x00000002   PAD
    0x08001234   0x08001234   0x00000070   Code   RO          406    .text.HAL_CRC_Init  stm32l4xx_hal_crc.o
    0x080012a4   0x080012a4   0x0000002c   Code   RO          222    .text.HAL_CRC_MspInit  crc.o
    0x080012d0   0x080012d0   0x00000020   Code   RO          468    .text.HAL_Delay     stm32l4xx_hal.o
    0x080012f0   0x080012f0   0x0000018a   Code   RO         1079    .text.HAL_GPIO_Init  stm32l4xx_hal_gpio.o
    0x0800147a   0x0800147a   0x00000002   PAD
    0x0800147c   0x0800147c   0x00000008   Code   RO          460    .text.HAL_GetTick   stm32l4xx_hal.o
    0x08001484   0x08001484   0x00000014   Code   RO          458    .text.HAL_IncTick   stm32l4xx_hal.o
    0x08001498   0x08001498   0x0000001c   Code   RO          448    .text.HAL_Init      stm32l4xx_hal.o
    0x080014b4   0x080014b4   0x00000044   Code   RO          450    .text.HAL_InitTick  stm32l4xx_hal.o
    0x080014f8   0x080014f8   0x00000030   Code   RO          316    .text.HAL_MspInit   stm32l4xx_hal_msp.o
    0x08001528   0x08001528   0x0000001c   Code   RO         1268    .text.HAL_NVIC_EnableIRQ  stm32l4xx_hal_cortex.o
    0x08001544   0x08001544   0x0000004c   Code   RO         1266    .text.HAL_NVIC_SetPriority  stm32l4xx_hal_cortex.o
    0x08001590   0x08001590   0x00000020   Code   RO         1264    .text.HAL_NVIC_SetPriorityGrouping  stm32l4xx_hal_cortex.o
    0x080015b0   0x080015b0   0x0000006c   Code   RO         1182    .text.HAL_PWREx_ControlVoltageScaling  stm32l4xx_hal_pwr_ex.o
    0x0800161c   0x0800161c   0x0000000c   Code   RO         1180    .text.HAL_PWREx_GetVoltageRange  stm32l4xx_hal_pwr_ex.o
    0x08001628   0x08001628   0x0000022c   Code   RO          943    .text.HAL_RCCEx_PeriphCLKConfig  stm32l4xx_hal_rcc_ex.o
    0x08001854   0x08001854   0x00000128   Code   RO          903    .text.HAL_RCC_ClockConfig  stm32l4xx_hal_rcc.o
    0x0800197c   0x0800197c   0x00000014   Code   RO          909    .text.HAL_RCC_GetPCLK1Freq  stm32l4xx_hal_rcc.o
    0x08001990   0x08001990   0x00000020   Code   RO          911    .text.HAL_RCC_GetPCLK2Freq  stm32l4xx_hal_rcc.o
    0x080019b0   0x080019b0   0x000000a0   Code   RO          901    .text.HAL_RCC_GetSysClockFreq  stm32l4xx_hal_rcc.o
    0x08001a50   0x08001a50   0x00000534   Code   RO          897    .text.HAL_RCC_OscConfig  stm32l4xx_hal_rcc.o
    0x08001f84   0x08001f84   0x00000028   Code   RO         1276    .text.HAL_SYSTICK_Config  stm32l4xx_hal_cortex.o
    0x08001fac   0x08001fac   0x00000038   Code   RO         1410    .text.HAL_UART_Init  stm32l4xx_hal_uart.o
    0x08001fe4   0x08001fe4   0x00000080   Code   RO          272    .text.HAL_UART_MspInit  usart.o
    0x08002064   0x08002064   0x000000d2   Code   RO         1434    .text.HAL_UART_Receive  stm32l4xx_hal_uart.o
    0x08002136   0x08002136   0x000000b2   Code   RO         1430    .text.HAL_UART_Transmit  stm32l4xx_hal_uart.o
    0x080021e8   0x080021e8   0x00000002   Code   RO          291    .text.HardFault_Handler  stm32l4xx_it.o
    0x080021ea   0x080021ea   0x00000002   PAD
    0x080021ec   0x080021ec   0x00000070   Code   RO         1344    .text.LL_TIM_Init   stm32l4xx_ll_tim.o
    0x0800225c   0x0800225c   0x0000002c   Code   RO          220    .text.MX_CRC_Init   crc.o
    0x08002288   0x08002288   0x00000030   Code   RO          212    .text.MX_GPIO_Init  gpio.o
    0x080022b8   0x080022b8   0x00000088   Code   RO          262    .text.MX_TIM2_Init  tim.o
    0x08002340   0x08002340   0x0000003c   Code   RO          270    .text.MX_USART2_UART_Init  usart.o
    0x0800237c   0x0800237c   0x00000004   Code   RO          243    .text.MX_X_CUBE_AI_Init  app_x-cube-ai.o
    0x08002380   0x08002380   0x00000002   Code   RO          293    .text.MemManage_Handler  stm32l4xx_it.o
    0x08002382   0x08002382   0x00000002   Code   RO          289    .text.NMI_Handler   stm32l4xx_it.o
    0x08002384   0x08002384   0x0000000e   Code   RO          342    .text.OUTLINED_FUNCTION_0  rrvt.o
    0x08002392   0x08002392   0x00000024   Code   RO          923    .text.OUTLINED_FUNCTION_0  stm32l4xx_hal_rcc.o
    0x080023b6   0x080023b6   0x00000014   Code   RO         1532    .text.OUTLINED_FUNCTION_0  stm32l4xx_hal_uart.o
    0x080023ca   0x080023ca   0x00000014   Code   RO          925    .text.OUTLINED_FUNCTION_1  stm32l4xx_hal_rcc.o
    0x080023de   0x080023de   0x00000010   Code   RO          997    .text.OUTLINED_FUNCTION_1  stm32l4xx_hal_rcc_ex.o
    0x080023ee   0x080023ee   0x00000014   Code   RO         1554    .text.OUTLINED_FUNCTION_11  stm32l4xx_hal_uart.o
    0x08002402   0x08002402   0x0000000c   Code   RO         1558    .text.OUTLINED_FUNCTION_13  stm32l4xx_hal_uart.o
    0x0800240e   0x0800240e   0x0000000a   Code   RO         1564    .text.OUTLINED_FUNCTION_16  stm32l4xx_hal_uart.o
    0x08002418   0x08002418   0x0000000e   Code   RO         1570    .text.OUTLINED_FUNCTION_19  stm32l4xx_hal_uart.o
    0x08002426   0x08002426   0x00000008   Code   RO          927    .text.OUTLINED_FUNCTION_2  stm32l4xx_hal_rcc.o
    0x0800242e   0x0800242e   0x0000000c   Code   RO         1536    .text.OUTLINED_FUNCTION_2  stm32l4xx_hal_uart.o
    0x0800243a   0x0800243a   0x00000006   Code   RO         1572    .text.OUTLINED_FUNCTION_20  stm32l4xx_hal_uart.o
    0x08002440   0x08002440   0x00000006   Code   RO          929    .text.OUTLINED_FUNCTION_3  stm32l4xx_hal_rcc.o
    0x08002446   0x08002446   0x0000000a   Code   RO          931    .text.OUTLINED_FUNCTION_4  stm32l4xx_hal_rcc.o
    0x08002450   0x08002450   0x0000000c   Code   RO         1540    .text.OUTLINED_FUNCTION_4  stm32l4xx_hal_uart.o
    0x0800245c   0x0800245c   0x0000000e   Code   RO          933    .text.OUTLINED_FUNCTION_5  stm32l4xx_hal_rcc.o
    0x0800246a   0x0800246a   0x00000002   Code   RO          303    .text.PendSV_Handler  stm32l4xx_it.o
    0x0800246c   0x0800246c   0x00000120   Code   RO          945    .text.RCCEx_PLLSAI1_Config  stm32l4xx_hal_rcc_ex.o
    0x0800258c   0x0800258c   0x00000084   Code   RO          899    .text.RCC_SetFlashLatencyFromMSIRange  stm32l4xx_hal_rcc.o
    0x08002610   0x08002610   0x00000002   Code   RO          299    .text.SVC_Handler   stm32l4xx_it.o
    0x08002612   0x08002612   0x00000004   Code   RO          305    .text.SysTick_Handler  stm32l4xx_it.o
    0x08002616   0x08002616   0x00000098   Code   RO          197    .text.SystemClock_Config  main.o
    0x080026ae   0x080026ae   0x00000002   PAD
    0x080026b0   0x080026b0   0x0000004c   Code   RO         1607    .text.SystemInit    system_stm32l4xx.o
    0x080026fc   0x080026fc   0x00000002   Code   RO          307    .text.TIM2_IRQHandler  stm32l4xx_it.o
    0x080026fe   0x080026fe   0x000000a8   Code   RO         1416    .text.UART_AdvFeatureConfig  stm32l4xx_hal_uart.o
    0x080027a6   0x080027a6   0x0000004c   Code   RO         1418    .text.UART_CheckIdleState  stm32l4xx_hal_uart.o
    0x080027f2   0x080027f2   0x00000002   PAD
    0x080027f4   0x080027f4   0x000001a8   Code   RO         1414    .text.UART_SetConfig  stm32l4xx_hal_uart.o
    0x0800299c   0x0800299c   0x0000007c   Code   RO         1432    .text.UART_WaitOnFlagUntilTimeout  stm32l4xx_hal_uart.o
    0x08002a18   0x08002a18   0x00000002   Code   RO          297    .text.UsageFault_Handler  stm32l4xx_it.o
    0x08002a1a   0x08002a1a   0x00000002   PAD
    0x08002a1c   0x08002a1c   0x0000003c   Code   RO          239    .text.aiInit        app_x-cube-ai.o
    0x08002a58   0x08002a58   0x0000002c   Code   RO          241    .text.aiRun         app_x-cube-ai.o
    0x08002a84   0x08002a84   0x00000014   Code   RO           17    .text.ai_network_create  network.o
    0x08002a98   0x08002a98   0x00000080   Code   RO           19    .text.ai_network_create_and_init  network.o
    0x08002b18   0x08002b18   0x00000030   Code   RO          167    .text.ai_network_data_params_get  network_data.o
    0x08002b48   0x08002b48   0x00000004   Code   RO           15    .text.ai_network_get_error  network.o
    0x08002b4c   0x08002b4c   0x00000150   Code   RO           21    .text.ai_network_init  network.o
    0x08002c9c   0x08002c9c   0x00000010   Code   RO           23    .text.ai_network_inputs_get  network.o
    0x08002cac   0x08002cac   0x00000018   Code   RO           25    .text.ai_network_outputs_get  network.o
    0x08002cc4   0x08002cc4   0x00000004   Code   RO           29    .text.ai_network_run  network.o
    0x08002cc8   0x08002cc8   0x00000014   Code   RO          328    .text.bandpassfilter  rrvt.o
    0x08002cdc   0x08002cdc   0x00000064   Code   RO          336    .text.detect_peaks  rrvt.o
    0x08002d40   0x08002d40   0x000000b0   Code   RO          338    .text.detect_qrs    rrvt.o
    0x08002df0   0x08002df0   0x00000028   Code   RO          330    .text.ediff1d       rrvt.o
    0x08002e18   0x08002e18   0x00000018   Code   RO          278    .text.fgetc         usart.o
    0x08002e30   0x08002e30   0x0000019e   Code   RO          334    .text.findpeaks     rrvt.o
    0x08002fce   0x08002fce   0x00000002   PAD
    0x08002fd0   0x08002fd0   0x0000001c   Code   RO          276    .text.fputc         usart.o
    0x08002fec   0x08002fec   0x0000003c   Code   RO          193    .text.getCurrentMicros  main.o
    0x08003028   0x08003028   0x0000003c   Code   RO          324    .text.load_ecg_data  rrvt.o
    0x08003064   0x08003064   0x0000002e   Code   RO          326    .text.lowpass_butter  rrvt.o
    0x08003092   0x08003092   0x00000006   PAD
    0x08003098   0x08003098   0x00000124   Code   RO          195    .text.main          main.o
    0x080031bc   0x080031bc   0x000000fe   Code   RO          340    .text.rrvt          rrvt.o
    0x080032ba   0x080032ba   0x0000001e   Code   RO          332    .text.square        rrvt.o
    0x080032d8   0x080032d8   0x0000006c   Code   RO         1639    i.CRC_Lock          NetworkRuntime720_CM4_Keil.lib(ai_platform_interface.o)
    0x08003344   0x08003344   0x00000020   Code   RO         2989    i.__0printf         mc_w.l(printfa.o)
    0x08003364   0x08003364   0x000000f8   Code   RO         1720    i.__ai_math_dot_array  NetworkRuntime720_CM4_Keil.lib(layers_conv2d_generic_float.o)
    0x0800345c   0x0800345c   0x0000005c   Code   RO         3021    i.__free$realloc    mc_w.l(mallocr.o)
    0x080034b8   0x080034b8   0x00000050   Code   RO         3022    i.__malloc$realloc  mc_w.l(mallocr.o)
    0x08003508   0x08003508   0x0000000e   Code   RO         3175    i.__scatterload_copy  mc_w.l(handlers.o)
    0x08003516   0x08003516   0x00000002   Code   RO         3176    i.__scatterload_null  mc_w.l(handlers.o)
    0x08003518   0x08003518   0x0000000e   Code   RO         3177    i.__scatterload_zeroinit  mc_w.l(handlers.o)
    0x08003526   0x08003526   0x00000002   PAD
    0x08003528   0x08003528   0x0000012c   Code   RO         1721    i._ai_dict4_dot_array_f32  NetworkRuntime720_CM4_Keil.lib(layers_conv2d_generic_float.o)
    0x08003654   0x08003654   0x000000e8   Code   RO         1722    i._ai_dict8_dot_array_f32  NetworkRuntime720_CM4_Keil.lib(layers_conv2d_generic_float.o)
    0x0800373c   0x0800373c   0x00000012   Code   RO         2518    i._ai_forward_layer  NetworkRuntime720_CM4_Keil.lib(layers.o)
    0x0800374e   0x0800374e   0x00000004   Code   RO         1640    i._ai_platform_acquire_crc  NetworkRuntime720_CM4_Keil.lib(ai_platform_interface.o)
    0x08003752   0x08003752   0x00000002   PAD
    0x08003754   0x08003754   0x000000d6   Code   RO         1641    i._ai_platform_get_io_buffers_info  NetworkRuntime720_CM4_Keil.lib(ai_platform_interface.o)
    0x0800382a   0x0800382a   0x00000002   Code   RO         1642    i._ai_platform_release_crc  NetworkRuntime720_CM4_Keil.lib(ai_platform_interface.o)
    0x0800382c   0x0800382c   0x0000018a   Code   RO         2996    i._fp_digits        mc_w.l(printfa.o)
    0x080039b6   0x080039b6   0x0000000e   Code   RO         3051    i._is_digit         mc_w.l(scanf_fp.o)
    0x080039c4   0x080039c4   0x0000004c   Code   RO         1643    i._platform_ai_buffer_array_copy  NetworkRuntime720_CM4_Keil.lib(ai_platform_interface.o)
    0x08003a10   0x08003a10   0x00000050   Code   RO         1644    i._platform_get_table_map_from_buffer  NetworkRuntime720_CM4_Keil.lib(ai_platform_interface.o)
    0x08003a60   0x08003a60   0x00000044   Code   RO         1645    i._platform_get_table_map_from_buffer_array  NetworkRuntime720_CM4_Keil.lib(ai_platform_interface.o)
    0x08003aa4   0x08003aa4   0x00000014   Code   RO         1646    i._platform_network_buffers_signature_valid  NetworkRuntime720_CM4_Keil.lib(ai_platform_interface.o)
    0x08003ab8   0x08003ab8   0x00000216   Code   RO         1647    i._platform_network_io_bind  NetworkRuntime720_CM4_Keil.lib(ai_platform_interface.o)
    0x08003cce   0x08003cce   0x0000003e   Code   RO         1648    i._platform_network_state_setup  NetworkRuntime720_CM4_Keil.lib(ai_platform_interface.o)
    0x08003d0c   0x08003d0c   0x00000068   Code   RO         1649    i._platform_network_state_update_input  NetworkRuntime720_CM4_Keil.lib(ai_platform_interface.o)
    0x08003d74   0x08003d74   0x00000080   Code   RO         1650    i._platform_network_state_update_output  NetworkRuntime720_CM4_Keil.lib(ai_platform_interface.o)
    0x08003df4   0x08003df4   0x000006e2   Code   RO         2997    i._printf_core      mc_w.l(printfa.o)
    0x080044d6   0x080044d6   0x00000024   Code   RO         2998    i._printf_post_padding  mc_w.l(printfa.o)
    0x080044fa   0x080044fa   0x0000002e   Code   RO         2999    i._printf_pre_padding  mc_w.l(printfa.o)
    0x08004528   0x08004528   0x00000036   Code   RO         2048    i.ai_array_get_byte_size  NetworkRuntime720_CM4_Keil.lib(ai_datatypes_format.o)
    0x0800455e   0x0800455e   0x0000001e   Code   RO         2049    i.ai_array_get_data_byte_size  NetworkRuntime720_CM4_Keil.lib(ai_datatypes_format.o)
    0x0800457c   0x0800457c   0x00000128   Code   RO         2051    i.ai_array_to_buffer_fmt  NetworkRuntime720_CM4_Keil.lib(ai_datatypes_format.o)
    0x080046a4   0x080046a4   0x00000024   Code   RO         1625    i.ai_buffer_array_item_set_address  NetworkRuntime720_CM4_Keil.lib(ai_platform.o)
    0x080046c8   0x080046c8   0x00000012   Code   RO         1626    i.ai_buffer_array_sane  NetworkRuntime720_CM4_Keil.lib(ai_platform.o)
    0x080046da   0x080046da   0x00000002   PAD
    0x080046dc   0x080046dc   0x00000068   Code   RO         1628    i.ai_buffer_get_size  NetworkRuntime720_CM4_Keil.lib(ai_platform.o)
    0x08004744   0x08004744   0x0000002c   Code   RO         2519    i.ai_check_custom_types  NetworkRuntime720_CM4_Keil.lib(layers.o)
    0x08004770   0x08004770   0x00000126   Code   RO         1723    i.ai_conv2d_kernel_depthwise_f32  NetworkRuntime720_CM4_Keil.lib(layers_conv2d_generic_float.o)
    0x08004896   0x08004896   0x00000002   PAD
    0x08004898   0x08004898   0x0000016a   Code   RO         1724    i.ai_conv2d_kernel_group_f32  NetworkRuntime720_CM4_Keil.lib(layers_conv2d_generic_float.o)
    0x08004a02   0x08004a02   0x00000002   PAD
    0x08004a04   0x08004a04   0x0000018c   Code   RO         1725    i.ai_conv2d_kernel_simple_opt_f32  NetworkRuntime720_CM4_Keil.lib(layers_conv2d_generic_float.o)
    0x08004b90   0x08004b90   0x00000274   Code   RO         1726    i.ai_conv2d_stripe_f32  NetworkRuntime720_CM4_Keil.lib(layers_conv2d_generic_float.o)
    0x08004e04   0x08004e04   0x0000007a   Code   RO         1729    i.ai_dict_decompress_f32  NetworkRuntime720_CM4_Keil.lib(layers_conv2d_generic_float.o)
    0x08004e7e   0x08004e7e   0x0000004e   Code   RO         2523    i.ai_layers_forward_all  NetworkRuntime720_CM4_Keil.lib(layers.o)
    0x08004ecc   0x08004ecc   0x0000001e   Code   RO         2524    i.ai_layers_init_all  NetworkRuntime720_CM4_Keil.lib(layers.o)
    0x08004eea   0x08004eea   0x00000036   Code   RO         2525    i.ai_layers_post_init_all  NetworkRuntime720_CM4_Keil.lib(layers.o)
    0x08004f20   0x08004f20   0x0000002c   Code   RO         1654    i.ai_platform_bind_network_params  NetworkRuntime720_CM4_Keil.lib(ai_platform_interface.o)
    0x08004f4c   0x08004f4c   0x0000001c   Code   RO         1655    i.ai_platform_context_acquire  NetworkRuntime720_CM4_Keil.lib(ai_platform_interface.o)
    0x08004f68   0x08004f68   0x0000002c   Code   RO         1657    i.ai_platform_get_activations_map  NetworkRuntime720_CM4_Keil.lib(ai_platform_interface.o)
    0x08004f94   0x08004f94   0x00000028   Code   RO         1658    i.ai_platform_get_weights_map  NetworkRuntime720_CM4_Keil.lib(ai_platform_interface.o)
    0x08004fbc   0x08004fbc   0x0000003c   Code   RO         1659    i.ai_platform_inputs_get  NetworkRuntime720_CM4_Keil.lib(ai_platform_interface.o)
    0x08004ff8   0x08004ff8   0x00000014   Code   RO         1660    i.ai_platform_interface_api_get_version  NetworkRuntime720_CM4_Keil.lib(ai_platform_interface.o)
    0x0800500c   0x0800500c   0x0000010e   Code   RO         1661    i.ai_platform_network_create  NetworkRuntime720_CM4_Keil.lib(ai_platform_interface.o)
    0x0800511a   0x0800511a   0x00000002   PAD
    0x0800511c   0x0800511c   0x0000001c   Code   RO         1663    i.ai_platform_network_get_error  NetworkRuntime720_CM4_Keil.lib(ai_platform_interface.o)
    0x08005138   0x08005138   0x00000112   Code   RO         1664    i.ai_platform_network_init  NetworkRuntime720_CM4_Keil.lib(ai_platform_interface.o)
    0x0800524a   0x0800524a   0x00000046   Code   RO         1665    i.ai_platform_network_post_init  NetworkRuntime720_CM4_Keil.lib(ai_platform_interface.o)
    0x08005290   0x08005290   0x00000054   Code   RO         1666    i.ai_platform_network_process  NetworkRuntime720_CM4_Keil.lib(ai_platform_interface.o)
    0x080052e4   0x080052e4   0x0000000c   Code   RO         1667    i.ai_platform_network_set_error  NetworkRuntime720_CM4_Keil.lib(ai_platform_interface.o)
    0x080052f0   0x080052f0   0x00000044   Code   RO         1673    i.ai_platform_outputs_get  NetworkRuntime720_CM4_Keil.lib(ai_platform_interface.o)
    0x08005334   0x08005334   0x0000001a   Code   RO         2024    i.ai_shape_get_size  NetworkRuntime720_CM4_Keil.lib(layers_norm_generic_float.o)
    0x0800534e   0x0800534e   0x0000000c   Code   RO         2072    i.ai_version_get    NetworkRuntime720_CM4_Keil.lib(ai_datatypes_internal.o)
    0x0800535a   0x0800535a   0x0000000c   Code   RO         2534    i.core_get_error    NetworkRuntime720_CM4_Keil.lib(core_common.o)
    0x08005366   0x08005366   0x00000004   Code   RO         2535    i.core_init         NetworkRuntime720_CM4_Keil.lib(core_common.o)
    0x0800536a   0x0800536a   0x00000010   Code   RO         1731    i.core_nl_get_params_byte_size  NetworkRuntime720_CM4_Keil.lib(layers_conv2d_generic_float.o)
    0x0800537a   0x0800537a   0x00000012   Code   RO         1732    i.core_nl_get_params_ptr  NetworkRuntime720_CM4_Keil.lib(layers_conv2d_generic_float.o)
    0x0800538c   0x0800538c   0x00000010   Code   RO         1733    i.core_nl_get_params_stride  NetworkRuntime720_CM4_Keil.lib(layers_conv2d_generic_float.o)
    0x0800539c   0x0800539c   0x0000001a   Code   RO         2536    i.core_set_error    NetworkRuntime720_CM4_Keil.lib(core_common.o)
    0x080053b6   0x080053b6   0x00000002   PAD
    0x080053b8   0x080053b8   0x0000012a   Code   RO         2025    i.forward_bn        NetworkRuntime720_CM4_Keil.lib(layers_norm_generic_float.o)
    0x080054e2   0x080054e2   0x00000002   PAD
    0x080054e4   0x080054e4   0x0000029a   Code   RO         1734    i.forward_conv2d    NetworkRuntime720_CM4_Keil.lib(layers_conv2d_generic_float.o)
    0x0800577e   0x0800577e   0x00000002   PAD
    0x08005780   0x08005780   0x0000020e   Code   RO         1736    i.forward_dense     NetworkRuntime720_CM4_Keil.lib(layers_conv2d_generic_float.o)
    0x0800598e   0x0800598e   0x0000004c   Code   RO         1798    i.forward_transpose  NetworkRuntime720_CM4_Keil.lib(layers_generic_float.o)
    0x080059da   0x080059da   0x00000002   Code   RO         1739    i.func_dummy        NetworkRuntime720_CM4_Keil.lib(layers_conv2d_generic_float.o)
    0x080059dc   0x080059dc   0x00000028   Code   RO         2073    i.get_tensor_byte_size  NetworkRuntime720_CM4_Keil.lib(ai_datatypes_internal.o)
    0x08005a04   0x08005a04   0x00000050   Code   RO         3023    i.internal_alloc    mc_w.l(mallocr.o)
    0x08005a54   0x08005a54   0x00000044   Code   RO         1917    i.nl_func_relu_array_f32  NetworkRuntime720_CM4_Keil.lib(layers_nl_generic_float.o)
    0x08005a98   0x08005a98   0x00000172   Code   RO         1804    i.transpose_items   NetworkRuntime720_CM4_Keil.lib(layers_generic_float.o)
    0x08005c0a   0x08005c0a   0x00000002   PAD
    0x08005c0c   0x08005c0c   0x0000006c   Data   RO         1676    .constdata          NetworkRuntime720_CM4_Keil.lib(ai_platform_interface.o)
    0x08005c78   0x08005c78   0x00000280   Data   RO         1806    .constdata          NetworkRuntime720_CM4_Keil.lib(layers_generic_float.o)
    0x08005ef8   0x08005ef8   0x00000040   Data   RO         3171    .constdata          mc_w.l(ctype_c.o)
    0x08005f38   0x08005f38   0x00000008   Data   RO          175    .rodata..L__const.ai_network_data_params_get.map_activations  network_data.o
    0x08005f40   0x08005f40   0x00000008   Data   RO          176    .rodata..L__const.ai_network_data_params_get.map_weights  network_data.o
    0x08005f48   0x08005f48   0x00000010   Data   RO         1612    .rodata.AHBPrescTable  system_stm32l4xx.o
    0x08005f58   0x08005f58   0x00000008   Data   RO         1613    .rodata.APBPrescTable  system_stm32l4xx.o
    0x08005f60   0x08005f60   0x00000030   Data   RO         1614    .rodata.MSIRangeTable  system_stm32l4xx.o
    0x08005f90   0x08005f90   0x00000010   Data   RO         1574    .rodata.cst16       stm32l4xx_hal_uart.o
    0x08005fa0   0x08005fa0   0x00000008   Data   RO           57    .rodata.node_17_chain  network.o
    0x08005fa8   0x08005fa8   0x00000008   Data   RO           60    .rodata.node_19_chain  network.o
    0x08005fb0   0x08005fb0   0x00000008   Data   RO           62    .rodata.node_20_chain  network.o
    0x08005fb8   0x08005fb8   0x00000008   Data   RO           65    .rodata.node_22_chain  network.o
    0x08005fc0   0x08005fc0   0x00000008   Data   RO           67    .rodata.node_23_to_chlast_chain  network.o
    0x08005fc8   0x08005fc8   0x00000008   Data   RO           70    .rodata.node_24_chain  network.o
    0x08005fd0   0x08005fd0   0x00000010   PAD
    0x08005fe0   0x08005fe0   0x000005d8   Data   RO          186    .rodata.s_network_weights_array_u64  network_data_params.o
    0x080065b8   0x080065b8   0x00000020   Data   RO         3174    Region$$Table       anon$$obj.o


    Execution Region RW_IRAM1 (Exec base: 0x20000000, Load base: 0x080065e0, Size: 0x0000ae78, Max: 0x00010000, ABSOLUTE, COMPRESSED[0x00000380])

    Exec Addr    Load Addr    Size         Type   Attr      Idx    E Section Name        Object

    0x20000000   COMPRESSED   0x00000004   Data   RW         3106    .data               mc_w.l(stdin.o)
    0x20000004   COMPRESSED   0x00000004   Data   RW         3107    .data               mc_w.l(stdout.o)
    0x20000008   COMPRESSED   0x00000004   Data   RW         3125    .data               mc_w.l(mvars.o)
    0x2000000c   COMPRESSED   0x00000004   Data   RW         3126    .data               mc_w.l(mvars.o)
    0x20000010   COMPRESSED   0x00000003   Data   RW         3160    .data               mc_w.l(fgetc_b.o)
    0x20000013   COMPRESSED   0x00000001   PAD
    0x20000014   COMPRESSED   0x00000070   Data   RW          149    .data..L_MergedGlobals  network.o
    0x20000084   COMPRESSED   0x00000018   Data   RW          352    .data..L_MergedGlobals  rrvt.o
    0x2000009c   COMPRESSED   0x00000008   Data   RW          513    .data..L_MergedGlobals  stm32l4xx_hal.o
    0x200000a4   COMPRESSED   0x00000070   Data   RW          150    .data..L_MergedGlobals.110  network.o
    0x20000114   COMPRESSED   0x00000030   Data   RW          151    .data..L_MergedGlobals.111  network.o
    0x20000144   COMPRESSED   0x00000010   Data   RW           34    .data..compoundliteral  network.o
    0x20000154   COMPRESSED   0x00000010   Data   RW          171    .data..compoundliteral  network_data.o
    0x20000164   COMPRESSED   0x00000010   Data   RW          173    .data..compoundliteral.1  network_data.o
    0x20000174   COMPRESSED   0x00000004   Data   RW          139    .data..compoundliteral.100  network.o
    0x20000178   COMPRESSED   0x0000000c   Data   RW          140    .data..compoundliteral.101  network.o
    0x20000184   COMPRESSED   0x00000030   Data   RW          142    .data..compoundliteral.103  network.o
    0x200001b4   COMPRESSED   0x00000010   Data   RW          143    .data..compoundliteral.104  network.o
    0x200001c4   COMPRESSED   0x00000010   Data   RW          144    .data..compoundliteral.105  network.o
    0x200001d4   COMPRESSED   0x00000010   Data   RW          146    .data..compoundliteral.107  network.o
    0x200001e4   COMPRESSED   0x00000010   Data   RW          147    .data..compoundliteral.108  network.o
    0x200001f4   COMPRESSED   0x0000000c   Data   RW           42    .data..compoundliteral.12  network.o
    0x20000200   COMPRESSED   0x00000004   Data   RW           43    .data..compoundliteral.13  network.o
    0x20000204   COMPRESSED   0x0000000c   Data   RW           47    .data..compoundliteral.17  network.o
    0x20000210   COMPRESSED   0x00000018   Data   RW           48    .data..compoundliteral.18  network.o
    0x20000228   COMPRESSED   0x00000010   Data   RW           50    .data..compoundliteral.20  network.o
    0x20000238   COMPRESSED   0x00000010   Data   RW           51    .data..compoundliteral.21  network.o
    0x20000248   COMPRESSED   0x00000010   Data   RW           53    .data..compoundliteral.23  network.o
    0x20000258   COMPRESSED   0x00000010   Data   RW           54    .data..compoundliteral.24  network.o
    0x20000268   COMPRESSED   0x00000018   Data   RW           68    .data..compoundliteral.30  network.o
    0x20000280   COMPRESSED   0x00000004   Data   RW           71    .data..compoundliteral.32  network.o
    0x20000284   COMPRESSED   0x00000004   Data   RW           72    .data..compoundliteral.33  network.o
    0x20000288   COMPRESSED   0x00000008   Data   RW           73    .data..compoundliteral.34  network.o
    0x20000290   COMPRESSED   0x00000030   Data   RW           75    .data..compoundliteral.36  network.o
    0x200002c0   COMPRESSED   0x00000010   Data   RW           76    .data..compoundliteral.37  network.o
    0x200002d0   COMPRESSED   0x00000010   Data   RW           77    .data..compoundliteral.38  network.o
    0x200002e0   COMPRESSED   0x00000010   Data   RW           79    .data..compoundliteral.40  network.o
    0x200002f0   COMPRESSED   0x00000010   Data   RW           80    .data..compoundliteral.41  network.o
    0x20000300   COMPRESSED   0x00000010   Data   RW           82    .data..compoundliteral.43  network.o
    0x20000310   COMPRESSED   0x00000010   Data   RW           83    .data..compoundliteral.44  network.o
    0x20000320   COMPRESSED   0x00000004   Data   RW           85    .data..compoundliteral.46  network.o
    0x20000324   COMPRESSED   0x00000004   Data   RW           86    .data..compoundliteral.47  network.o
    0x20000328   COMPRESSED   0x0000001c   Data   RW           35    .data..compoundliteral.5  network.o
    0x20000344   COMPRESSED   0x00000030   Data   RW           89    .data..compoundliteral.50  network.o
    0x20000374   COMPRESSED   0x00000010   Data   RW           90    .data..compoundliteral.51  network.o
    0x20000384   COMPRESSED   0x00000010   Data   RW           91    .data..compoundliteral.52  network.o
    0x20000394   COMPRESSED   0x00000010   Data   RW           93    .data..compoundliteral.54  network.o
    0x200003a4   COMPRESSED   0x00000010   Data   RW           94    .data..compoundliteral.55  network.o
    0x200003b4   COMPRESSED   0x00000004   Data   RW           96    .data..compoundliteral.57  network.o
    0x200003b8   COMPRESSED   0x00000004   Data   RW           97    .data..compoundliteral.58  network.o
    0x200003bc   COMPRESSED   0x00000008   Data   RW           98    .data..compoundliteral.59  network.o
    0x200003c4   COMPRESSED   0x00000010   Data   RW           36    .data..compoundliteral.6  network.o
    0x200003d4   COMPRESSED   0x00000030   Data   RW          100    .data..compoundliteral.61  network.o
    0x20000404   COMPRESSED   0x00000010   Data   RW          101    .data..compoundliteral.62  network.o
    0x20000414   COMPRESSED   0x00000010   Data   RW          102    .data..compoundliteral.63  network.o
    0x20000424   COMPRESSED   0x00000010   Data   RW          104    .data..compoundliteral.65  network.o
    0x20000434   COMPRESSED   0x00000010   Data   RW          105    .data..compoundliteral.66  network.o
    0x20000444   COMPRESSED   0x00000010   Data   RW          107    .data..compoundliteral.68  network.o
    0x20000454   COMPRESSED   0x00000010   Data   RW          108    .data..compoundliteral.69  network.o
    0x20000464   COMPRESSED   0x0000001c   Data   RW           37    .data..compoundliteral.7  network.o
    0x20000480   COMPRESSED   0x00000004   Data   RW          110    .data..compoundliteral.71  network.o
    0x20000484   COMPRESSED   0x00000004   Data   RW          111    .data..compoundliteral.72  network.o
    0x20000488   COMPRESSED   0x0000000c   Data   RW          112    .data..compoundliteral.73  network.o
    0x20000494   COMPRESSED   0x00000030   Data   RW          114    .data..compoundliteral.75  network.o
    0x200004c4   COMPRESSED   0x00000010   Data   RW          115    .data..compoundliteral.76  network.o
    0x200004d4   COMPRESSED   0x00000010   Data   RW          116    .data..compoundliteral.77  network.o
    0x200004e4   COMPRESSED   0x00000010   Data   RW          118    .data..compoundliteral.79  network.o
    0x200004f4   COMPRESSED   0x00000004   Data   RW           38    .data..compoundliteral.8  network.o
    0x200004f8   COMPRESSED   0x00000010   Data   RW          119    .data..compoundliteral.80  network.o
    0x20000508   COMPRESSED   0x00000010   Data   RW          121    .data..compoundliteral.82  network.o
    0x20000518   COMPRESSED   0x00000010   Data   RW          122    .data..compoundliteral.83  network.o
    0x20000528   COMPRESSED   0x00000004   Data   RW          124    .data..compoundliteral.85  network.o
    0x2000052c   COMPRESSED   0x00000004   Data   RW          125    .data..compoundliteral.86  network.o
    0x20000530   COMPRESSED   0x00000008   Data   RW          126    .data..compoundliteral.87  network.o
    0x20000538   COMPRESSED   0x00000030   Data   RW          128    .data..compoundliteral.89  network.o
    0x20000568   COMPRESSED   0x00000010   Data   RW          129    .data..compoundliteral.90  network.o
    0x20000578   COMPRESSED   0x00000010   Data   RW          130    .data..compoundliteral.91  network.o
    0x20000588   COMPRESSED   0x00000010   Data   RW          132    .data..compoundliteral.93  network.o
    0x20000598   COMPRESSED   0x00000010   Data   RW          133    .data..compoundliteral.94  network.o
    0x200005a8   COMPRESSED   0x00000010   Data   RW          135    .data..compoundliteral.96  network.o
    0x200005b8   COMPRESSED   0x00000010   Data   RW          136    .data..compoundliteral.97  network.o
    0x200005c8   COMPRESSED   0x00000004   Data   RW          138    .data..compoundliteral.99  network.o
    0x200005cc   COMPRESSED   0x00000004   Data   RW         1611    .data.SystemCoreClock  system_stm32l4xx.o
    0x200005d0   COMPRESSED   0x0000004c   Data   RW           49    .data.g_network     network.o
    0x2000061c   COMPRESSED   0x0000001c   Data   RW          172    .data.g_network_data_map_activations  network_data.o
    0x20000638   COMPRESSED   0x0000001c   Data   RW          174    .data.g_network_data_map_weights  network_data.o
    0x20000654   COMPRESSED   0x0000001c   Data   RW           52    .data.input_1_output  network.o
    0x20000670   COMPRESSED   0x0000001c   Data   RW          148    .data.node_17_bias  network.o
    0x2000068c   COMPRESSED   0x00000040   Data   RW           59    .data.node_17_layer  network.o
    0x200006cc   COMPRESSED   0x0000001c   Data   RW          131    .data.node_17_output  network.o
    0x200006e8   COMPRESSED   0x0000001c   Data   RW          145    .data.node_17_weights  network.o
    0x20000704   COMPRESSED   0x0000001c   Data   RW          137    .data.node_19_bias  network.o
    0x20000720   COMPRESSED   0x0000001c   Data   RW           56    .data.node_19_layer  network.o
    0x2000073c   COMPRESSED   0x0000001c   Data   RW          117    .data.node_19_output  network.o
    0x20000758   COMPRESSED   0x0000001c   Data   RW          134    .data.node_19_scale  network.o
    0x20000774   COMPRESSED   0x0000001c   Data   RW          123    .data.node_20_bias  network.o
    0x20000790   COMPRESSED   0x00000040   Data   RW           64    .data.node_20_layer  network.o
    0x200007d0   COMPRESSED   0x0000001c   Data   RW          103    .data.node_20_output  network.o
    0x200007ec   COMPRESSED   0x0000001c   Data   RW          120    .data.node_20_weights  network.o
    0x20000808   COMPRESSED   0x0000001c   Data   RW          109    .data.node_22_bias  network.o
    0x20000824   COMPRESSED   0x0000001c   Data   RW           61    .data.node_22_layer  network.o
    0x20000840   COMPRESSED   0x0000001c   Data   RW           92    .data.node_22_output  network.o
    0x2000085c   COMPRESSED   0x0000001c   Data   RW          106    .data.node_22_scale  network.o
    0x20000878   COMPRESSED   0x00000024   Data   RW           69    .data.node_23_to_chlast_layer  network.o
    0x2000089c   COMPRESSED   0x0000001c   Data   RW           95    .data.node_23_to_chlast_output  network.o
    0x200008b8   COMPRESSED   0x0000001c   Data   RW           78    .data.node_23_to_chlast_output0  network.o
    0x200008d4   COMPRESSED   0x0000001c   Data   RW           84    .data.node_24_bias  network.o
    0x200008f0   COMPRESSED   0x0000001c   Data   RW           66    .data.node_24_layer  network.o
    0x2000090c   COMPRESSED   0x0000001c   Data   RW           55    .data.node_24_output  network.o
    0x20000928   COMPRESSED   0x0000001c   Data   RW           81    .data.node_24_weights  network.o
    0x20000944   COMPRESSED   0x0000001c   PAD
    0x20000960        -       0x00000014   Zero   RW          253    .bss..L_MergedGlobals  app_x-cube-ai.o
    0x20000974        -       0x00000008   Zero   RW          353    .bss..L_MergedGlobals.1  rrvt.o
    0x2000097c        -       0x00000008   Zero   RW          152    .bss..L_MergedGlobals.112  network.o
    0x20000984        -       0x0000001c   Zero   RW           40    .bss..compoundliteral.10  network.o
    0x200009a0        -       0x00000004   Zero   RW          141    .bss..compoundliteral.102  network.o
    0x200009a4        -       0x00000008   Zero   RW           41    .bss..compoundliteral.11  network.o
    0x200009ac        -       0x00000010   Zero   RW           44    .bss..compoundliteral.14  network.o
    0x200009bc        -       0x0000001c   Zero   RW           45    .bss..compoundliteral.15  network.o
    0x200009d8        -       0x00000008   Zero   RW           46    .bss..compoundliteral.16  network.o
    0x200009e0        -       0x00000010   Zero   RW           58    .bss..compoundliteral.26  network.o
    0x200009f0        -       0x00000010   Zero   RW           63    .bss..compoundliteral.28  network.o
    0x20000a00        -       0x00000004   Zero   RW           74    .bss..compoundliteral.35  network.o
    0x20000a04        -       0x00000004   Zero   RW           87    .bss..compoundliteral.48  network.o
    0x20000a08        -       0x00000004   Zero   RW           88    .bss..compoundliteral.49  network.o
    0x20000a0c        -       0x00000004   Zero   RW           99    .bss..compoundliteral.60  network.o
    0x20000a10        -       0x00000004   Zero   RW          113    .bss..compoundliteral.74  network.o
    0x20000a14        -       0x00000004   Zero   RW          127    .bss..compoundliteral.88  network.o
    0x20000a18        -       0x00000010   Zero   RW           39    .bss..compoundliteral.9  network.o
    0x20000a28   COMPRESSED   0x00000018   PAD
    0x20000a40        -       0x00001d50   Zero   RW          251    .bss.activations    app_x-cube-ai.o
    0x20002790        -       0x000016ac   Zero   RW          349    .bss.detected_peaks_indices  rrvt.o
    0x20003e3c        -       0x000016ac   Zero   RW          350    .bss.detected_peaks_values  rrvt.o
    0x200054e8        -       0x000016ac   Zero   RW          348    .bss.ecg_data_raw   rrvt.o
    0x20006b94        -       0x00000024   Zero   RW          226    .bss.hcrc           crc.o
    0x20006bb8        -       0x00000080   Zero   RW          280    .bss.huart2         usart.o
    0x20006c38        -       0x00001388   Zero   RW          201    .bss.input          main.o
    0x20007fc0        -       0x000016ac   Zero   RW          351    .bss.qrs_peaks_indices  rrvt.o
    0x2000966c        -       0x00000008   Zero   RW          202    .bss.result         main.o
    0x20009674        -       0x00000004   Zero   RW          512    .bss.uwTick         stm32l4xx_hal.o
    0x20009678        -       0x00000800   Zero   RW            2    HEAP                startup_stm32l432xx.o
    0x20009e78        -       0x00001000   Zero   RW            1    STACK               startup_stm32l432xx.o


==============================================================================

Image component sizes


      Code (inc. data)   RO Data    RW Data    ZI Data      Debug   Object Name

       108          8          0          0       7524       4690   app_x-cube-ai.o
        88         16          0          0         36       3090   crc.o
        48          4          0          0          0       1525   gpio.o
       512         56          0          0       5008       4105   main.o
       532         24         48       2228        172      12544   network.o
        48          8         16         88          0       3330   network_data.o
         0          0       1496          0          0        718   network_data_params.o
      1154         64          0         24      23224       5357   rrvt.o
        36          8        396          0       6144        816   startup_stm32l432xx.o
       156          8          0          8          4       7685   stm32l4xx_hal.o
       176         24          0          0          0       9872   stm32l4xx_hal_cortex.o
       112          4          0          0          0       5346   stm32l4xx_hal_crc.o
        78          4          0          0          0       2740   stm32l4xx_hal_crc_ex.o
       394         20          0          0          0       5257   stm32l4xx_hal_gpio.o
        48          4          0          0          0       1552   stm32l4xx_hal_msp.o
       120          8          0          0          0       8591   stm32l4xx_hal_pwr_ex.o
      2066         80          0          0          0      10003   stm32l4xx_hal_rcc.o
       860         20          0          0          0      13444   stm32l4xx_hal_rcc_ex.o
      1342         78         16          0          0      22822   stm32l4xx_hal_uart.o
        22          0          0          0          0       1199   stm32l4xx_it.o
       112         12          0          0          0      13016   stm32l4xx_ll_tim.o
        76         12         72          4          0       3161   system_stm32l4xx.o
       136         16          0          0          0       5712   tim.o
       240         12          0          0        128       7386   usart.o

    ----------------------------------------------------------------------
      8486        490       2092       2352      42292     153961   Object Totals
         0          0         32          0          0          0   (incl. Generated)
        22          0         16          0         52          0   (incl. Padding)

    ----------------------------------------------------------------------

      Code (inc. data)   RO Data    RW Data    ZI Data      Debug   Library Member Name

       380         54          0          0          0        360   ai_datatypes_format.o
        52          6          0          0          0        232   ai_datatypes_internal.o
       158          8          0          0          0        368   ai_platform.o
      2442        110        108          0          0       3244   ai_platform_interface.o
        42          0          0          0          0        348   core_common.o
       224          6          0          0          0        624   layers.o
      3826         42          0          0          0       1908   layers_conv2d_generic_float.o
       446          4        640          0          0        272   layers_generic_float.o
        68          6          0          0          0        128   layers_nl_generic_float.o
       324          0          0          0          0        252   layers_norm_generic_float.o
        32          6          0          0          0         84   __0scanf.o
        86          0          0          0          0          0   __dczerorl2.o
        28          0          0          0          0         68   _chval.o
       818          4          0          0          0        112   _scanf.o
       338          0          0          0          0         96   _scanf_int.o
        40          6         64          0          0         68   ctype_c.o
         0          0          0          0          0          0   entry.o
         0          0          0          0          0          0   entry10a.o
         0          0          0          0          0          0   entry11a.o
         8          4          0          0          0          0   entry2.o
         4          0          0          0          0          0   entry5.o
         0          0          0          0          0          0   entry7b.o
         0          0          0          0          0          0   entry8b.o
         8          4          0          0          0          0   entry9a.o
        44          6          0          3          0        144   fgetc_b.o
        30          0          0          0          0          0   handlers.o
        36          8          0          0          0         68   init.o
        10          0          0          0          0         68   isspace_c.o
         0          0          0          0          0          0   iusefp.o
         0          0          0          0          0          0   iusesemig.o
        30          0          0          0          0         68   llshl.o
        36          0          0          0          0         68   llsshr.o
        32          0          0          0          0         68   llushr.o
       252         24          0          0          0        252   mallocr.o
        26          0          0          0          0         80   memcmp.o
        36          0          0          0          0         68   memcpya.o
        36          0          0          0          0        108   memseta.o
         0          0          0          8          0          0   mvars.o
      2270         90          0          0          0        452   printfa.o
        40          8          0          0          0         84   scanf_char.o
        20          8          0          0          0         68   scanf_char_file.o
       884         12          0          0          0        216   scanf_fp.o
         0          0          0          0          0          0   semi.o
         0          0          0          4          0          0   stdin.o
         0          0          0          4          0          0   stdout.o
        44          0          0          0          0         80   uidiv.o
       104          0          0          0          0         92   uldiv.o
        48          0          0          0          0         68   cdrcmple.o
        56          0          0          0          0         88   d2f.o
       350          0          0          0          0        148   dadd.o
        54          0          0          0          0         80   dcmple.o
       222          0          0          0          0        100   ddiv.o
       186          0          0          0          0        176   depilogue.o
        48          0          0          0          0         68   dfixul.o
        26          0          0          0          0         76   dfltui.o
        24          0          0          0          0         76   dfltul.o
       234          0          0          0          0         96   dmul.o
        38          0          0          0          0         68   f2d.o
       110          0          0          0          0        168   fepilogue.o

    ----------------------------------------------------------------------
     14682        416        812         20          0      11360   Library Totals
        32          0          0          1          0          0   (incl. Padding)

    ----------------------------------------------------------------------

      Code (inc. data)   RO Data    RW Data    ZI Data      Debug   Library Name

      7962        236        748          0          0       7736   NetworkRuntime720_CM4_Keil.lib
      5292        180         64         19          0       2412   mc_w.l
      1396          0          0          0          0       1212   mf_w.l

    ----------------------------------------------------------------------
     14682        416        812         20          0      11360   Library Totals

    ----------------------------------------------------------------------

==============================================================================


      Code (inc. data)   RO Data    RW Data    ZI Data      Debug   

     23168        906       2904       2372      42292     157709   Grand Totals
     23168        906       2904        896      42292     157709   ELF Image Totals (compressed)
     23168        906       2904        896          0          0   ROM Totals

==============================================================================

    Total RO  Size (Code + RO Data)                26072 (  25.46kB)
    Total RW  Size (RW Data + ZI Data)             44664 (  43.62kB)
    Total ROM Size (Code + RO Data + RW Data)      26968 (  26.34kB)

==============================================================================

