<html>
<body>
<pre>
<h1>µVision Build Log</h1>
<h2>Tool Versions:</h2>
IDE-Version: ¦ÌVision V5.37.0.0
Copyright (C) 2022 ARM Ltd and ARM Germany GmbH. All rights reserved.
License Information: 1 1, 1, LIC=03C6R-KMC46-56TQ2-9R7TU-6VJYX-ND1UW
 
Tool Versions:
Toolchain:       MDK-ARM Plus  Version: 5.37.0.0
Toolchain Path:  E:\MDK5\ARM\ARMCLANG\Bin
C Compiler:      ArmClang.exe V6.18
Assembler:       Armasm.exe V6.18
Linker/Locator:  ArmLink.exe V6.18
Library Manager: ArmAr.exe V6.18
Hex Converter:   FromElf.exe V6.18
CPU DLL:         SARMCM3.DLL V5.37.0.0
Dialog DLL:      DCM.DLL V1.17.5.0
Target DLL:      STLink\ST-LINKIII-KEIL_SWO.dll V3.0.9.0
Dialog DLL:      TCM.DLL V1.56.1.0
 
<h2>Project:</h2>
D:\Desktop\ICCAD\Beta_v3\MDK-ARM\Beta_v3.uvprojx
Project File Date:  10/09/2022

<h2>Output:</h2>
*** Using Compiler 'V6.18', folder: 'E:\MDK5\ARM\ARMCLANG\Bin'
Rebuild target 'Beta_v3'
assembling startup_stm32l432xx.s...
compiling network_data_params.c...
compiling network_data.c...
compiling network.c...
compiling gpio.c...
compiling crc.c...
compiling main.c...
compiling app_x-cube-ai.c...
compiling tim.c...
compiling usart.c...
compiling stm32l4xx_it.c...
compiling stm32l4xx_hal_msp.c...
compiling rrvt.c...
compiling stm32l4xx_ll_utils.c...
compiling stm32l4xx_ll_exti.c...
compiling stm32l4xx_hal_crc.c...
compiling stm32l4xx_hal_crc_ex.c...
compiling stm32l4xx_hal.c...
compiling stm32l4xx_hal_i2c_ex.c...
compiling stm32l4xx_hal_flash.c...
compiling stm32l4xx_hal_flash_ramfunc.c...
compiling stm32l4xx_hal_rcc.c...
compiling stm32l4xx_hal_flash_ex.c...
compiling stm32l4xx_hal_rcc_ex.c...
compiling stm32l4xx_hal_gpio.c...
compiling stm32l4xx_hal_dma_ex.c...
compiling stm32l4xx_hal_dma.c...
compiling stm32l4xx_hal_pwr.c...
compiling stm32l4xx_hal_pwr_ex.c...
compiling stm32l4xx_hal_cortex.c...
compiling stm32l4xx_hal_exti.c...
compiling stm32l4xx_hal_tim.c...
compiling stm32l4xx_hal_tim_ex.c...
compiling stm32l4xx_hal_i2c.c...
compiling stm32l4xx_ll_gpio.c...
compiling stm32l4xx_ll_dma.c...
compiling stm32l4xx_hal_uart_ex.c...
compiling stm32l4xx_ll_tim.c...
compiling system_stm32l4xx.c...
compiling stm32l4xx_hal_uart.c...
linking...
Program Size: Code=23168 RO-data=2904 RW-data=2372 ZI-data=42292  
FromELF: creating hex file...
"Beta_v3\Beta_v3.axf" - 0 Error(s), 0 Warning(s).

<h2>Software Packages used:</h2>

Package Vendor: ARM
                http://www.keil.com/pack/ARM.CMSIS.5.9.0.pack
                ARM.CMSIS.5.9.0
                CMSIS (Common Microcontroller Software Interface Standard)
   * Component: CORE Version: 5.6.0

Package Vendor: Keil
                http://www.keil.com/pack/Keil.STM32L4xx_DFP.2.6.1.pack
                Keil.STM32L4xx_DFP.2.6.1
                STMicroelectronics STM32L4 Series Device Support, Drivers and Examples

<h2>Collection of Component include folders:</h2>
  ./RTE/_Beta_v3
  D:/MDK_Packs/ARM/CMSIS/5.9.0/CMSIS/Core/Include
  D:/MDK_Packs/Keil/STM32L4xx_DFP/2.6.1/Drivers/CMSIS/Device/ST/STM32L4xx/Include

<h2>Collection of Component Files used:</h2>

   * Component: ARM::CMSIS:CORE:5.6.0
Build Time Elapsed:  00:00:05
</pre>
</body>
</html>
